Component: ARM Compiler 5.06 update 5 (build 528) Tool: armlink [4d35e2]

==============================================================================

Section Cross References

    main.o(i.Motor_control) refers to emm42_me.o(i.Motor_speed_control) for Motor_speed_control
    main.o(i.Motor_control) refers to emm42_me.o(i.Emm42_MotorAngle) for Emm42_MotorAngle
    main.o(i.Motor_control) refers to emm42_me.o(i.Emm42_MotorError) for Emm42_MotorError
    main.o(i.Motor_control) refers to emm42_me.o(i.Emm42_Pulse_count) for Emm42_Pulse_count
    main.o(i.Motor_control) refers to ffix.o(x$fpl$ffix) for __aeabi_f2iz
    main.o(i.Motor_control) refers to main.o(.data) for UP
    main.o(i.Motor_data_init) refers to stmflash.o(i.STMFLASH_Read) for STMFLASH_Read
    main.o(i.Motor_data_init) refers to stmflash.o(.bss) for A_Parameter
    main.o(i.Motor_data_init) refers to main.o(.data) for Motor_num
    main.o(i.Motor_data_save) refers to stmflash.o(i.STMFLASH_Write) for STMFLASH_Write
    main.o(i.Motor_data_save) refers to main.o(.data) for Motor_num
    main.o(i.Motor_data_save) refers to stmflash.o(.bss) for B_Parameter
    main.o(i.Motor_data_treat) refers to fflt_clz.o(x$fpl$fflt) for __aeabi_i2f
    main.o(i.Motor_data_treat) refers to faddsub_clz.o(x$fpl$fadd) for __aeabi_fadd
    main.o(i.Motor_data_treat) refers to fdiv.o(x$fpl$fdiv) for __aeabi_fdiv
    main.o(i.Motor_data_treat) refers to ffix.o(x$fpl$ffix) for __aeabi_f2iz
    main.o(i.Motor_data_treat) refers to main.o(.data) for Motor_angle_buff
    main.o(i.Servo_Control) refers to stm32f10x_tim.o(i.TIM_SetCompare1) for TIM_SetCompare1
    main.o(i.Servo_Control) refers to time.o(.data) for Servo_ms
    main.o(i.Servo_Control) refers to main.o(.data) for light_Set
    main.o(i.main) refers to misc.o(i.NVIC_PriorityGroupConfig) for NVIC_PriorityGroupConfig
    main.o(i.main) refers to usart.o(i.uart_init) for uart_init
    main.o(i.main) refers to delay.o(i.delay_init) for delay_init
    main.o(i.main) refers to time.o(i.TIM2_Int_Init) for TIM2_Int_Init
    main.o(i.main) refers to time.o(i.TIM3_Int_Init) for TIM3_Int_Init
    main.o(i.main) refers to key.o(i.Key_Init) for Key_Init
    main.o(i.main) refers to led.o(i.LED_Init) for LED_Init
    main.o(i.main) refers to oled.o(i.OLED_Init) for OLED_Init
    main.o(i.main) refers to oled.o(i.OLED_Clear) for OLED_Clear
    main.o(i.main) refers to emm42_board.o(i.Emm42_board_init) for Emm42_board_init
    main.o(i.main) refers to emm42_delay.o(i.Emm42_delay_ms) for Emm42_delay_ms
    main.o(i.main) refers to pwm.o(i.TIM4_PWM_Init) for TIM4_PWM_Init
    main.o(i.main) refers to bh1750.o(i.bh1750_init) for bh1750_init
    main.o(i.main) refers to delay.o(i.delay_ms) for delay_ms
    main.o(i.main) refers to oled.o(i.OLED_ShowString) for OLED_ShowString
    main.o(i.main) refers to oled.o(i.OLED_Refresh_Gram) for OLED_Refresh_Gram
    main.o(i.main) refers to key.o(i.KEY_Scan) for KEY_Scan
    main.o(i.main) refers to bh1750.o(i.bh1750_get_data) for bh1750_get_data
    main.o(i.main) refers to fflt_clz.o(x$fpl$fflt) for __aeabi_i2f
    main.o(i.main) refers to fleqf.o(x$fpl$fleqf) for __aeabi_cfcmple
    main.o(i.main) refers to frleqf.o(x$fpl$frleqf) for __aeabi_cfrcmple
    main.o(i.main) refers to ffix.o(x$fpl$ffix) for __aeabi_f2iz
    main.o(i.main) refers to main.o(i.Servo_Control) for Servo_Control
    main.o(i.main) refers to main.o(i.Motor_control) for Motor_control
    main.o(i.main) refers to ffixu.o(x$fpl$ffixu) for __aeabi_f2uiz
    main.o(i.main) refers to oled.o(i.OLED_ShowNum) for OLED_ShowNum
    main.o(i.main) refers to main.o(.data) for UP
    main.o(i.main) refers to time.o(.data) for Sec
    system_stm32f10x.o(i.SetSysClock) refers to system_stm32f10x.o(i.SetSysClockTo72) for SetSysClockTo72
    system_stm32f10x.o(i.SystemCoreClockUpdate) refers to system_stm32f10x.o(.data) for SystemCoreClock
    system_stm32f10x.o(i.SystemInit) refers to system_stm32f10x.o(i.SetSysClock) for SetSysClock
    iic.o(i.IIC_Ack) refers to iic.o(i.sda_out) for sda_out
    iic.o(i.IIC_Ack) refers to delay.o(i.delay_us) for delay_us
    iic.o(i.IIC_NAck) refers to iic.o(i.sda_out) for sda_out
    iic.o(i.IIC_NAck) refers to delay.o(i.delay_us) for delay_us
    iic.o(i.IIC_Read_Byte) refers to iic.o(i.sda_in) for sda_in
    iic.o(i.IIC_Read_Byte) refers to delay.o(i.delay_us) for delay_us
    iic.o(i.IIC_Read_Byte) refers to iic.o(i.IIC_NAck) for IIC_NAck
    iic.o(i.IIC_Read_Byte) refers to iic.o(i.IIC_Ack) for IIC_Ack
    iic.o(i.IIC_Send_Byte) refers to iic.o(i.sda_out) for sda_out
    iic.o(i.IIC_Send_Byte) refers to delay.o(i.delay_us) for delay_us
    iic.o(i.IIC_Start) refers to iic.o(i.sda_out) for sda_out
    iic.o(i.IIC_Start) refers to delay.o(i.delay_us) for delay_us
    iic.o(i.IIC_Stop) refers to iic.o(i.sda_out) for sda_out
    iic.o(i.IIC_Stop) refers to delay.o(i.delay_us) for delay_us
    iic.o(i.IIC_Wait_Ack) refers to iic.o(i.sda_in) for sda_in
[...]
    ../clib/armsys.c                         0x00000000   Number         0  _get_argv_nomalloc.o ABSOLUTE
    ../clib/armsys.c                         0x00000000   Number         0  no_argv.o ABSOLUTE
    ../clib/fenv.c                           0x00000000   Number         0  _rserrno.o ABSOLUTE
    ../clib/heapalloc.c                      0x00000000   Number         0  hrguard.o ABSOLUTE
    ../clib/heapaux.c                        0x00000000   Number         0  heapauxi.o ABSOLUTE
    ../clib/libinit.s                        0x00000000   Number         0  libinit2.o ABSOLUTE
    ../clib/libinit.s                        0x00000000   Number         0  libshutdown.o ABSOLUTE
    ../clib/libinit.s                        0x00000000   Number         0  libinit.o ABSOLUTE
    ../clib/libinit.s                        0x00000000   Number         0  libshutdown2.o ABSOLUTE
    ../clib/longlong.s                       0x00000000   Number         0  llsdiv.o ABSOLUTE
    ../clib/longlong.s                       0x00000000   Number         0  lludivv7m.o ABSOLUTE
    ../clib/memcpset.s                       0x00000000   Number         0  rt_memclr.o ABSOLUTE
    ../clib/memcpset.s                       0x00000000   Number         0  rt_memclr_w.o ABSOLUTE
    ../clib/memcpset.s                       0x00000000   Number         0  aeabi_memset.o ABSOLUTE
    ../clib/misc.s                           0x00000000   Number         0  printf_stubs.o ABSOLUTE
    ../clib/printf.c                         0x00000000   Number         0  _printf_hex_int_ptr.o ABSOLUTE
    ../clib/printf.c                         0x00000000   Number         0  _printf_hex_ll_ptr.o ABSOLUTE
    ../clib/printf.c                         0x00000000   Number         0  _printf_hex_int_ll_ptr.o ABSOLUTE
    ../clib/printf.c                         0x00000000   Number         0  __printf_flags.o ABSOLUTE
    ../clib/printf.c                         0x00000000   Number         0  __printf_ss.o ABSOLUTE
    ../clib/printf.c                         0x00000000   Number         0  __printf_wp.o ABSOLUTE
    ../clib/printf.c                         0x00000000   Number         0  __printf_flags_wp.o ABSOLUTE
    ../clib/printf.c                         0x00000000   Number         0  __printf_nopercent.o ABSOLUTE
    ../clib/printf.c                         0x00000000   Number         0  __printf_ss_wp.o ABSOLUTE
    ../clib/printf.c                         0x00000000   Number         0  __printf_flags_ss_wp.o ABSOLUTE
    ../clib/printf.c                         0x00000000   Number         0  _printf_char_common.o ABSOLUTE
    ../clib/printf.c                         0x00000000   Number         0  __printf_flags_ss.o ABSOLUTE
    ../clib/printf.c                         0x00000000   Number         0  _printf_char_file.o ABSOLUTE
    ../clib/printf.c                         0x00000000   Number         0  _printf_intcommon.o ABSOLUTE
    ../clib/printf.c                         0x00000000   Number         0  __2printf.o ABSOLUTE
    ../clib/printf.c                         0x00000000   Number         0  noretval__2printf.o ABSOLUTE
    ../clib/printf.c                         0x00000000   Number         0  __printf.o ABSOLUTE
    ../clib/printf.c                         0x00000000   Number         0  _printf_pad.o ABSOLUTE
    ../clib/printf.c                         0x00000000   Number         0  _printf_dec.o ABSOLUTE
    ../clib/printf.c                         0x00000000   Number         0  _printf_hex_ll.o ABSOLUTE
    ../clib/printf.c                         0x00000000   Number         0  _printf_hex_int.o ABSOLUTE
    ../clib/printf.c                         0x00000000   Number         0  _printf_hex_int_ll.o ABSOLUTE
    ../clib/printf.c                         0x00000000   Number         0  _printf_hex_ptr.o ABSOLUTE
    ../clib/printf_percent.s                 0x00000000   Number         0  _printf_d.o ABSOLUTE
    ../clib/printf_percent.s                 0x00000000   Number         0  _printf_percent_end.o ABSOLUTE
    ../clib/printf_percent.s                 0x00000000   Number         0  _printf_x.o ABSOLUTE
    ../clib/printf_percent.s                 0x00000000   Number         0  _printf_percent.o ABSOLUTE
    ../clib/signal.c                         0x00000000   Number         0  defsig_exit.o ABSOLUTE
    ../clib/signal.c                         0x00000000   Number         0  defsig_rtmem_formal.o ABSOLUTE
    ../clib/signal.c                         0x00000000   Number         0  defsig_rtmem_outer.o ABSOLUTE
    ../clib/signal.c                         0x00000000   Number         0  defsig_fpe_inner.o ABSOLUTE
    ../clib/signal.c                         0x00000000   Number         0  defsig_general.o ABSOLUTE
    ../clib/signal.c                         0x00000000   Number         0  __raise.o ABSOLUTE
    ../clib/signal.c                         0x00000000   Number         0  defsig_other.o ABSOLUTE
    ../clib/signal.c                         0x00000000   Number         0  defsig_segv_inner.o ABSOLUTE
    ../clib/signal.c                         0x00000000   Number         0  defsig_cppl_inner.o ABSOLUTE
    ../clib/signal.c                         0x00000000   Number         0  defsig_pvfn_inner.o ABSOLUTE
    ../clib/signal.c                         0x00000000   Number         0  defsig_stak_inner.o ABSOLUTE
    ../clib/signal.c                         0x00000000   Number         0  defsig_rtmem_inner.o ABSOLUTE
    ../clib/signal.c                         0x00000000   Number         0  defsig_rtred_inner.o ABSOLUTE
    ../clib/signal.c                         0x00000000   Number         0  defsig_abrt_inner.o ABSOLUTE
    ../clib/signal.c                         0x00000000   Number         0  defsig_fpe_formal.o ABSOLUTE
    ../clib/signal.c                         0x00000000   Number         0  defsig_fpe_outer.o ABSOLUTE
    ../clib/signal.s                         0x00000000   Number         0  defsig.o ABSOLUTE
    ../clib/stdio.c                          0x00000000   Number         0  ferror_locked.o ABSOLUTE
    ../clib/stdio.c                          0x00000000   Number         0  ferror.o ABSOLUTE
    ../clib/stdlib.c                         0x00000000   Number         0  exit.o ABSOLUTE
    ../clib/string.c                         0x00000000   Number         0  memcmp.o ABSOLUTE
    ../fplib/d2f.s                           0x00000000   Number         0  d2f.o ABSOLUTE
    ../fplib/daddsub.s                       0x00000000   Number         0  daddsub_clz.o ABSOLUTE
    ../fplib/dcheck1.s                       0x00000000   Number         0  dcheck1.o ABSOLUTE
    ../fplib/dcmpi.s                         0x00000000   Number         0  dcmpi.o ABSOLUTE
    ../fplib/ddiv.s                          0x00000000   Number         0  ddiv.o ABSOLUTE
    ../fplib/dflt.s                          0x00000000   Number         0  dflt_clz.o ABSOLUTE
    ../fplib/dleqf.s                         0x00000000   Number         0  dleqf.o ABSOLUTE
    ../fplib/dmul.s                          0x00000000   Number         0  dmul.o ABSOLUTE
    ../fplib/dnaninf.s                       0x00000000   Number         0  dnaninf.o ABSOLUTE
    ../fplib/dretinf.s                       0x00000000   Number         0  dretinf.o ABSOLUTE
    ../fplib/dsqrt.s                         0x00000000   Number         0  dsqrt_noumaal.o ABSOLUTE
    ../fplib/f2d.s                           0x00000000   Number         0  f2d.o ABSOLUTE
    ../fplib/faddsub.s                       0x00000000   Number         0  faddsub_clz.o ABSOLUTE
    ../fplib/fcmpi.s                         0x00000000   Number         0  fcmpi.o ABSOLUTE
    ../fplib/fdiv.s                          0x00000000   Number         0  fdiv.o ABSOLUTE
    ../fplib/feqf.s                          0x00000000   Number         0  feqf.o ABSOLUTE
    ../fplib/ffix.s                          0x00000000   Number         0  ffix.o ABSOLUTE
    ../fplib/ffixu.s                         0x00000000   Number         0  ffixu.o ABSOLUTE
    ../fplib/fflt.s                          0x00000000   Number         0  fflt_clz.o ABSOLUTE
    ../fplib/ffltll.s                        0x00000000   Number         0  ffltll_clz.o ABSOLUTE
    ../fplib/fleqf.s                         0x00000000   Number         0  fleqf.o ABSOLUTE
    ../fplib/fmul.s                          0x00000000   Number         0  fmul.o ABSOLUTE
    ../fplib/fnaninf.s                       0x00000000   Number         0  fnaninf.o ABSOLUTE
    ../fplib/fpinit.s                        0x00000000   Number         0  fpinit.o ABSOLUTE
    ../fplib/fretinf.s                       0x00000000   Number         0  fretinf.o ABSOLUTE
    ../fplib/frleqf.s                        0x00000000   Number         0  frleqf.o ABSOLUTE
    ../fplib/retnan.s                        0x00000000   Number         0  retnan.o ABSOLUTE
    ../fplib/scalbn.s                        0x00000000   Number         0  scalbn.o ABSOLUTE
    ../fplib/trapv.s                         0x00000000   Number         0  trapv.o ABSOLUTE
    ../fplib/usenofp.s                       0x00000000   Number         0  usenofp.o ABSOLUTE
    ../mathlib/asin.c                        0x00000000   Number         0  asin_x.o ABSOLUTE
    ../mathlib/asin.c                        0x00000000   Number         0  asin.o ABSOLUTE
    ../mathlib/atan.c                        0x00000000   Number         0  atan.o ABSOLUTE
    ../mathlib/atan.c                        0x00000000   Number         0  atan_x.o ABSOLUTE
    ../mathlib/atan2.c                       0x00000000   Number         0  atan2.o ABSOLUTE
    ../mathlib/atan2.c                       0x00000000   Number         0  atan2_x.o ABSOLUTE
    ../mathlib/dunder.c                      0x00000000   Number         0  dunder.o ABSOLUTE
    ../mathlib/fpclassify.c                  0x00000000   Number         0  fpclassify.o ABSOLUTE
    ../mathlib/poly.c                        0x00000000   Number         0  poly.o ABSOLUTE
    ../mathlib/qnan.c                        0x00000000   Number         0  qnan.o ABSOLUTE
    ../mathlib/sqrt.c                        0x00000000   Number         0  sqrt_x.o ABSOLUTE
    ../mathlib/sqrt.c                        0x00000000   Number         0  sqrt.o ABSOLUTE
    ..\CORE\core_cm3.c                       0x00000000   Number         0  core_cm3.o ABSOLUTE
    ..\CORE\startup_stm32f10x_md.s           0x00000000   Number         0  startup_stm32f10x_md.o ABSOLUTE
    ..\HARDWARE\BH1750\BH1750.c              0x00000000   Number         0  bh1750.o ABSOLUTE
    ..\HARDWARE\Emm42_board\Emm42_board.c    0x00000000   Number         0  emm42_board.o ABSOLUTE
    ..\HARDWARE\Emm42_board\Emm42_delay.c    0x00000000   Number         0  emm42_delay.o ABSOLUTE
    ..\HARDWARE\Emm42_board\Emm42_me.c       0x00000000   Number         0  emm42_me.o ABSOLUTE
    ..\HARDWARE\Emm42_board\Emm42_usart.c    0x00000000   Number         0  emm42_usart.o ABSOLUTE
    ..\HARDWARE\FLASH\stmflash.c             0x00000000   Number         0  stmflash.o ABSOLUTE
    ..\HARDWARE\IIC\iic.c                    0x00000000   Number         0  iic.o ABSOLUTE
    ..\HARDWARE\Key\key.c                    0x00000000   Number         0  key.o ABSOLUTE
    ..\HARDWARE\LED\led.c                    0x00000000   Number         0  led.o ABSOLUTE
    ..\HARDWARE\MPU6050\eMPL\inv_mpu.c       0x00000000   Number         0  inv_mpu.o ABSOLUTE
    ..\HARDWARE\MPU6050\eMPL\inv_mpu_dmp_motion_driver.c 0x00000000   Number         0  inv_mpu_dmp_motion_driver.o ABSOLUTE
    ..\HARDWARE\MPU6050\mpu6050.c            0x00000000   Number         0  mpu6050.o ABSOLUTE
    ..\HARDWARE\MPU6050\mpuiic.c             0x00000000   Number         0  mpuiic.o ABSOLUTE
    ..\HARDWARE\OLED\oled.c                  0x00000000   Number         0  oled.o ABSOLUTE
    ..\HARDWARE\PWM\PWM.c                    0x00000000   Number         0  pwm.o ABSOLUTE
    ..\HARDWARE\Time\Time.c                  0x00000000   Number         0  time.o ABSOLUTE
    ..\STM32F10x_FWLib\src\misc.c            0x00000000   Number         0  misc.o ABSOLUTE
    ..\STM32F10x_FWLib\src\stm32f10x_flash.c 0x00000000   Number         0  stm32f10x_flash.o ABSOLUTE
    ..\STM32F10x_FWLib\src\stm32f10x_gpio.c  0x00000000   Number         0  stm32f10x_gpio.o ABSOLUTE
    ..\STM32F10x_FWLib\src\stm32f10x_rcc.c   0x00000000   Number         0  stm32f10x_rcc.o ABSOLUTE
    ..\STM32F10x_FWLib\src\stm32f10x_tim.c   0x00000000   Number         0  stm32f10x_tim.o ABSOLUTE
    ..\STM32F10x_FWLib\src\stm32f10x_usart.c 0x00000000   Number         0  stm32f10x_usart.o ABSOLUTE
    ..\SYSTEM\delay\delay.c                  0x00000000   Number         0  delay.o ABSOLUTE
    ..\SYSTEM\sys\sys.c                      0x00000000   Number         0  sys.o ABSOLUTE
    ..\SYSTEM\usart\usart.c                  0x00000000   Number         0  usart.o ABSOLUTE
    ..\\CORE\\core_cm3.c                     0x00000000   Number         0  core_cm3.o ABSOLUTE
    ..\\SYSTEM\\sys\\sys.c                   0x00000000   Number         0  sys.o ABSOLUTE
    dc.s                                     0x00000000   Number         0  dc.o ABSOLUTE
    main.c                                   0x00000000   Number         0  main.o ABSOLUTE
    stm32f10x_it.c                           0x00000000   Number         0  stm32f10x_it.o ABSOLUTE
    system_stm32f10x.c                       0x00000000   Number         0  system_stm32f10x.o ABSOLUTE
    RESET                                    0x08000000   Section      236  startup_stm32f10x_md.o(RESET)
    !!!main                                  0x080000ec   Section        8  __main.o(!!!main)
    !!!scatter                               0x080000f4   Section       52  __scatter.o(!!!scatter)
    !!handler_copy                           0x08000128   Section       26  __scatter_copy.o(!!handler_copy)
    !!handler_zi                             0x08000144   Section       28  __scatter_zi.o(!!handler_zi)
    .ARM.Collect$$libinit$$00000000          0x08000160   Section        2  libinit.o(.ARM.Collect$$libinit$$00000000)
    .ARM.Collect$$libinit$$00000002          0x08000162   Section        0  libinit2.o(.ARM.Collect$$libinit$$00000002)
    .ARM.Collect$$libinit$$00000004          0x08000162   Section        0  libinit2.o(.ARM.Collect$$libinit$$00000004)
    .ARM.Collect$$libinit$$0000000A          0x08000162   Section        0  libinit2.o(.ARM.Collect$$libinit$$0000000A)
    .ARM.Collect$$libinit$$0000000C          0x08000162   Section        0  libinit2.o(.ARM.Collect$$libinit$$0000000C)
    .ARM.Collect$$libinit$$0000000E          0x08000162   Section        0  libinit2.o(.ARM.Collect$$libinit$$0000000E)
    .ARM.Collect$$libinit$$00000011          0x08000162   Section        0  libinit2.o(.ARM.Collect$$libinit$$00000011)
    .ARM.Collect$$libinit$$00000013          0x08000162   Section        0  libinit2.o(.ARM.Collect$$libinit$$00000013)
    .ARM.Collect$$libinit$$00000015          0x08000162   Section        0  libinit2.o(.ARM.Collect$$libinit$$00000015)
    .ARM.Collect$$libinit$$00000017          0x08000162   Section        0  libinit2.o(.ARM.Collect$$libinit$$00000017)
    .ARM.Collect$$libinit$$00000019          0x08000162   Section        0  libinit2.o(.ARM.Collect$$libinit$$00000019)
    .ARM.Collect$$libinit$$0000001B          0x08000162   Section        0  libinit2.o(.ARM.Collect$$libinit$$0000001B)
    .ARM.Collect$$libinit$$0000001D          0x08000162   Section        0  libinit2.o(.ARM.Collect$$libinit$$0000001D)
    .ARM.Collect$$libinit$$0000001F          0x08000162   Section        0  libinit2.o(.ARM.Collect$$libinit$$0000001F)
    .ARM.Collect$$libinit$$00000021          0x08000162   Section        0  libinit2.o(.ARM.Collect$$libinit$$00000021)
    .ARM.Collect$$libinit$$00000023          0x08000162   Section        0  libinit2.o(.ARM.Collect$$libinit$$00000023)
    .ARM.Collect$$libinit$$00000025          0x08000162   Section        0  libinit2.o(.ARM.Collect$$libinit$$00000025)
    .ARM.Collect$$libinit$$0000002C          0x08000162   Section        0  libinit2.o(.ARM.Collect$$libinit$$0000002C)
    .ARM.Collect$$libinit$$0000002E          0x08000162   Section        0  libinit2.o(.ARM.Collect$$libinit$$0000002E)
    .ARM.Collect$$libinit$$00000030          0x08000162   Section        0  libinit2.o(.ARM.Collect$$libinit$$00000030)
    .ARM.Collect$$libinit$$00000032          0x08000162   Section        0  libinit2.o(.ARM.Collect$$libinit$$00000032)
    .ARM.Collect$$libinit$$00000033          0x08000162   Section        2  libinit2.o(.ARM.Collect$$libinit$$00000033)
    .ARM.Collect$$libshutdown$$00000000      0x08000164   Section        2  libshutdown.o(.ARM.Collect$$libshutdown$$00000000)
    .ARM.Collect$$libshutdown$$00000002      0x08000166   Section        0  libshutdown2.o(.ARM.Collect$$libshutdown$$00000002)
    .ARM.Collect$$libshutdown$$00000004      0x08000166   Section        0  libshutdown2.o(.ARM.Collect$$libshutdown$$00000004)
    .ARM.Collect$$libshutdown$$00000007      0x08000166   Section        0  libshutdown2.o(.ARM.Collect$$libshutdown$$00000007)
    .ARM.Collect$$libshutdown$$0000000A      0x08000166   Section        0  libshutdown2.o(.ARM.Collect$$libshutdown$$0000000A)
    .ARM.Collect$$libshutdown$$0000000C      0x08000166   Section        0  libshutdown2.o(.ARM.Collect$$libshutdown$$0000000C)
    .ARM.Collect$$libshutdown$$0000000F      0x08000166   Section        0  libshutdown2.o(.ARM.Collect$$libshutdown$$0000000F)
    .ARM.Collect$$libshutdown$$00000010      0x08000166   Section        2  libshutdown2.o(.ARM.Collect$$libshutdown$$00000010)
    .ARM.Collect$$rtentry$$00000000          0x08000168   Section        0  __rtentry.o(.ARM.Collect$$rtentry$$00000000)
    .ARM.Collect$$rtentry$$00000002          0x08000168   Section        0  __rtentry2.o(.ARM.Collect$$rtentry$$00000002)
    .ARM.Collect$$rtentry$$00000004          0x08000168   Section        6  __rtentry4.o(.ARM.Collect$$rtentry$$00000004)
    .ARM.Collect$$rtentry$$00000009          0x0800016e   Section        0  __rtentry2.o(.ARM.Collect$$rtentry$$00000009)
    .ARM.Collect$$rtentry$$0000000A          0x0800016e   Section        4  __rtentry2.o(.ARM.Collect$$rtentry$$0000000A)
    .ARM.Collect$$rtentry$$0000000C          0x08000172   Section        0  __rtentry2.o(.ARM.Collect$$rtentry$$0000000C)
    .ARM.Collect$$rtentry$$0000000D          0x08000172   Section        8  __rtentry2.o(.ARM.Collect$$rtentry$$0000000D)
    .ARM.Collect$$rtexit$$00000000           0x0800017a   Section        2  rtexit.o(.ARM.Collect$$rtexit$$00000000)
    .ARM.Collect$$rtexit$$00000002           0x0800017c   Section        0  rtexit2.o(.ARM.Collect$$rtexit$$00000002)
    .ARM.Collect$$rtexit$$00000003           0x0800017c   Section        4  rtexit2.o(.ARM.Collect$$rtexit$$00000003)
    .ARM.Collect$$rtexit$$00000004           0x08000180   Section        6  rtexit2.o(.ARM.Collect$$rtexit$$00000004)
    .text                                    0x08000188   Section       64  startup_stm32f10x_md.o(.text)
    .text                                    0x080001c8   Section        2  use_no_semi_2.o(.text)
    .text                                    0x080001ca   Section       72  llsdiv.o(.text)
    .text                                    0x08000212   Section        0  heapauxi.o(.text)
    .text                                    0x08000218   Section        2  use_no_semi.o(.text)
    .text                                    0x0800021a   Section      238  lludivv7m.o(.text)
    .text                                    0x08000308   Section        8  libspace.o(.text)
    .text                                    0x08000310   Section       74  sys_stackheap_outer.o(.text)
    .text                                    0x0800035a   Section        0  exit.o(.text)
    i.BusFault_Handler                       0x0800036c   Section        0  stm32f10x_it.o(i.BusFault_Handler)
    i.DebugMon_Handler                       0x08000370   Section        0  stm32f10x_it.o(i.DebugMon_Handler)
    i.Emm42_MotorAngle                       0x08000374   Section        0  emm42_me.o(i.Emm42_MotorAngle)
    i.Emm42_MotorError                       0x08000430   Section        0  emm42_me.o(i.Emm42_MotorError)
    i.Emm42_Pulse_count                      0x080004e4   Section        0  emm42_me.o(i.Emm42_Pulse_count)
    i.Emm42_board_init                       0x08000574   Section        0  emm42_board.o(i.Emm42_board_init)
    i.Emm42_clock_init                       0x08000584   Section        0  emm42_board.o(i.Emm42_clock_init)
    i.Emm42_delay_ms                         0x080005a4   Section        0  emm42_delay.o(i.Emm42_delay_ms)
    i.Emm42_nvic_init                        0x080005fc   Section        0  emm42_board.o(i.Emm42_nvic_init)
    i.Emm42_usart_init                       0x08000624   Section        0  emm42_board.o(i.Emm42_usart_init)
    i.GPIO_Init                              0x080006ac   Section        0  stm32f10x_gpio.o(i.GPIO_Init)
    i.GPIO_PinRemapConfig                    0x080007c4   Section        0  stm32f10x_gpio.o(i.GPIO_PinRemapConfig)
    i.GPIO_ReadInputDataBit                  0x08000854   Section        0  stm32f10x_gpio.o(i.GPIO_ReadInputDataBit)
    i.GPIO_ResetBits                         0x08000866   Section        0  stm32f10x_gpio.o(i.GPIO_ResetBits)
    i.GPIO_SetBits                           0x0800086a   Section        0  stm32f10x_gpio.o(i.GPIO_SetBits)
    i.HardFault_Handler                      0x0800086e   Section        0  stm32f10x_it.o(i.HardFault_Handler)
    i.I2C_Start                              0x08000874   Section        0  oled.o(i.I2C_Start)
    i.I2C_Stop                               0x080008a4   Section        0  oled.o(i.I2C_Stop)
    i.I2C_WaitAck                            0x080008cc   Section        0  oled.o(i.I2C_WaitAck)
    i.KEY_Scan                               0x080008e8   Section        0  key.o(i.KEY_Scan)
    i.Key_Init                               0x080009fc   Section        0  key.o(i.Key_Init)
    i.LED_Init                               0x08000a28   Section        0  led.o(i.LED_Init)
    i.MemManage_Handler                      0x08000a60   Section        0  stm32f10x_it.o(i.MemManage_Handler)
    i.Motor_control                          0x08000a64   Section        0  main.o(i.Motor_control)
    i.Motor_speed_control                    0x08000c18   Section        0  emm42_me.o(i.Motor_speed_control)
    i.NMI_Handler                            0x08000c98   Section        0  stm32f10x_it.o(i.NMI_Handler)
    i.NVIC_Init                              0x08000c9c   Section        0  misc.o(i.NVIC_Init)
    i.NVIC_PriorityGroupConfig               0x08000d0c   Section        0  misc.o(i.NVIC_PriorityGroupConfig)
    i.OLED_Clear                             0x08000d20   Section        0  oled.o(i.OLED_Clear)
    i.OLED_DrawPoint                         0x08000d50   Section        0  oled.o(i.OLED_DrawPoint)
    i.OLED_Init                              0x08000db8   Section        0  oled.o(i.OLED_Init)
    i.OLED_Pow                               0x08000ebc   Section        0  oled.o(i.OLED_Pow)
    i.OLED_Refresh_Gram                      0x08000ed4   Section        0  oled.o(i.OLED_Refresh_Gram)
    i.OLED_ShowChar                          0x08000f20   Section        0  oled.o(i.OLED_ShowChar)
    i.OLED_ShowNum                           0x0800102c   Section        0  oled.o(i.OLED_ShowNum)
    i.OLED_ShowString                        0x080010c0   Section        0  oled.o(i.OLED_ShowString)
    i.OLED_WR_Byte                           0x0800111e   Section        0  oled.o(i.OLED_WR_Byte)
    i.PendSV_Handler                         0x08001156   Section        0  stm32f10x_it.o(i.PendSV_Handler)
    i.RCC_APB1PeriphClockCmd                 0x08001158   Section        0  stm32f10x_rcc.o(i.RCC_APB1PeriphClockCmd)
    i.RCC_APB2PeriphClockCmd                 0x08001178   Section        0  stm32f10x_rcc.o(i.RCC_APB2PeriphClockCmd)
    i.RCC_GetClocksFreq                      0x08001198   Section        0  stm32f10x_rcc.o(i.RCC_GetClocksFreq)
    i.SVC_Handler                            0x0800126c   Section        0  stm32f10x_it.o(i.SVC_Handler)
    i.Send_Byte                              0x08001270   Section        0  oled.o(i.Send_Byte)
    i.Servo_Control                          0x080012c4   Section        0  main.o(i.Servo_Control)
    i.SetSysClock                            0x08001374   Section        0  system_stm32f10x.o(i.SetSysClock)
    SetSysClock                              0x08001375   Thumb Code     8  system_stm32f10x.o(i.SetSysClock)
    i.SetSysClockTo72                        0x0800137c   Section        0  system_stm32f10x.o(i.SetSysClockTo72)
    SetSysClockTo72                          0x0800137d   Thumb Code   214  system_stm32f10x.o(i.SetSysClockTo72)
    i.SysTick_CLKSourceConfig                0x0800145c   Section        0  misc.o(i.SysTick_CLKSourceConfig)
    i.SysTick_Handler                        0x08001484   Section        0  stm32f10x_it.o(i.SysTick_Handler)
    i.SystemInit                             0x08001488   Section        0  system_stm32f10x.o(i.SystemInit)
    i.TIM2_IRQHandler                        0x080014e8   Section        0  time.o(i.TIM2_IRQHandler)
    i.TIM2_Int_Init                          0x08001538   Section        0  time.o(i.TIM2_Int_Init)
    i.TIM3_IRQHandler                        0x08001598   Section        0  time.o(i.TIM3_IRQHandler)
    i.TIM3_Int_Init                          0x080015d4   Section        0  time.o(i.TIM3_Int_Init)
    i.TIM4_PWM_Init                          0x08001630   Section        0  pwm.o(i.TIM4_PWM_Init)
    i.TIM_ARRPreloadConfig                   0x080016f8   Section        0  stm32f10x_tim.o(i.TIM_ARRPreloadConfig)
    i.TIM_ClearITPendingBit                  0x08001710   Section        0  stm32f10x_tim.o(i.TIM_ClearITPendingBit)
    i.TIM_Cmd                                0x08001716   Section        0  stm32f10x_tim.o(i.TIM_Cmd)
    i.TIM_GetITStatus                        0x0800172e   Section        0  stm32f10x_tim.o(i.TIM_GetITStatus)
    i.TIM_ITConfig                           0x08001750   Section        0  stm32f10x_tim.o(i.TIM_ITConfig)
    i.TIM_OC1Init                            0x08001764   Section        0  stm32f10x_tim.o(i.TIM_OC1Init)
    i.TIM_OC1PreloadConfig                   0x080017fc   Section        0  stm32f10x_tim.o(i.TIM_OC1PreloadConfig)
    i.TIM_OC2Init                            0x08001810   Section        0  stm32f10x_tim.o(i.TIM_OC2Init)
    i.TIM_OC2PreloadConfig                   0x080018b4   Section        0  stm32f10x_tim.o(i.TIM_OC2PreloadConfig)
    i.TIM_OC3Init                            0x080018d0   Section        0  stm32f10x_tim.o(i.TIM_OC3Init)
    i.TIM_OC3PreloadConfig                   0x08001970   Section        0  stm32f10x_tim.o(i.TIM_OC3PreloadConfig)
    i.TIM_OC4Init                            0x08001984   Section        0  stm32f10x_tim.o(i.TIM_OC4Init)
    i.TIM_OC4PreloadConfig                   0x08001a00   Section        0  stm32f10x_tim.o(i.TIM_OC4PreloadConfig)
    i.TIM_SetCompare1                        0x08001a1a   Section        0  stm32f10x_tim.o(i.TIM_SetCompare1)
    i.TIM_TimeBaseInit                       0x08001a20   Section        0  stm32f10x_tim.o(i.TIM_TimeBaseInit)
    i.USART1_IRQHandler                      0x08001ac4   Section        0  emm42_usart.o(i.USART1_IRQHandler)
    i.USART_ClearITPendingBit                0x08001b34   Section        0  stm32f10x_usart.o(i.USART_ClearITPendingBit)
    i.USART_Cmd                              0x08001b52   Section        0  stm32f10x_usart.o(i.USART_Cmd)
    i.USART_GetITStatus                      0x08001b6a   Section        0  stm32f10x_usart.o(i.USART_GetITStatus)
    i.USART_ITConfig                         0x08001bbe   Section        0  stm32f10x_usart.o(i.USART_ITConfig)
    i.USART_Init                             0x08001c08   Section        0  stm32f10x_usart.o(i.USART_Init)
    i.UsageFault_Handler                     0x08001ce0   Section        0  stm32f10x_it.o(i.UsageFault_Handler)
    i._sys_exit                              0x08001ce4   Section        0  usart.o(i._sys_exit)
    i.bh1750_get_data                        0x08001ce8   Section        0  bh1750.o(i.bh1750_get_data)
    i.bh1750_init                            0x08001d44   Section        0  bh1750.o(i.bh1750_init)
    i.bh1750_read_nbyte                      0x08001d4c   Section        0  bh1750.o(i.bh1750_read_nbyte)
    i.bh1750_send_byte                       0x08001d8e   Section        0  bh1750.o(i.bh1750_send_byte)
    i.delay_init                             0x08001db0   Section        0  delay.o(i.delay_init)
    i.delay_ms                               0x08001df4   Section        0  delay.o(i.delay_ms)
    i.delay_us                               0x08001e40   Section        0  delay.o(i.delay_us)
    i.iic_init                               0x08001e8c   Section        0  iic.o(i.iic_init)
    i.iic_read_byte                          0x08001ec4   Section        0  iic.o(i.iic_read_byte)
    i.iic_start                              0x08001f78   Section        0  iic.o(i.iic_start)
    i.iic_stop                               0x08001fb8   Section        0  iic.o(i.iic_stop)
    i.iic_write_byte                         0x08001ff0   Section        0  iic.o(i.iic_write_byte)
    i.main                                   0x080020a0   Section        0  main.o(i.main)
    i.sda_in                                 0x080022c8   Section        0  iic.o(i.sda_in)
    i.sda_out                                0x080022f8   Section        0  iic.o(i.sda_out)
    i.uart_init                              0x08002328   Section        0  usart.o(i.uart_init)
    i.usartSend                              0x080023c8   Section        0  emm42_usart.o(i.usartSend)
    x$fpl$d2f                                0x080023f8   Section       98  d2f.o(x$fpl$d2f)
    x$fpl$ddiv                               0x0800245c   Section      688  ddiv.o(x$fpl$ddiv)
    ddiv_entry                               0x08002463   Thumb Code     0  ddiv.o(x$fpl$ddiv)
    x$fpl$dfltu                              0x0800270c   Section       38  dflt_clz.o(x$fpl$dfltu)
    x$fpl$dnaninf                            0x08002732   Section      156  dnaninf.o(x$fpl$dnaninf)
    x$fpl$dretinf                            0x080027ce   Section       12  dretinf.o(x$fpl$dretinf)
    x$fpl$fcmpinf                            0x080027da   Section       24  fcmpi.o(x$fpl$fcmpinf)
    x$fpl$fdiv                               0x080027f4   Section      388  fdiv.o(x$fpl$fdiv)
    _fdiv1                                   0x080027f5   Thumb Code     0  fdiv.o(x$fpl$fdiv)
    x$fpl$ffix                               0x08002978   Section       54  ffix.o(x$fpl$ffix)
    x$fpl$ffixu                              0x080029b0   Section       62  ffixu.o(x$fpl$ffixu)
    x$fpl$fflt                               0x080029f0   Section       48  fflt_clz.o(x$fpl$fflt)
    x$fpl$ffltll                             0x08002a20   Section       96  ffltll_clz.o(x$fpl$ffltll)
    x$fpl$fleqf                              0x08002a80   Section      104  fleqf.o(x$fpl$fleqf)
    x$fpl$fmul                               0x08002ae8   Section      258  fmul.o(x$fpl$fmul)
    x$fpl$fnaninf                            0x08002bea   Section      140  fnaninf.o(x$fpl$fnaninf)
    x$fpl$fretinf                            0x08002c76   Section       10  fretinf.o(x$fpl$fretinf)
    x$fpl$frleqf                             0x08002c80   Section       98  frleqf.o(x$fpl$frleqf)
    .constdata                               0x08002ce2   Section     6080  oled.o(.constdata)
    x$fpl$usenofp                            0x08002ce2   Section        0  usenofp.o(x$fpl$usenofp)
    .data                                    0x20000000   Section       88  main.o(.data)
    Motor_num                                0x2000003c   Data           4  main.o(.data)
    Motor_angle_old                          0x20000040   Data           4  main.o(.data)
    Motor_pulse_old                          0x20000044   Data           4  main.o(.data)
    .data                                    0x20000058   Section       20  system_stm32f10x.o(.data)
    .data                                    0x2000006c   Section        3  emm42_usart.o(.data)
    .data                                    0x20000070   Section        2  emm42_me.o(.data)
    .data                                    0x20000074   Section       18  time.o(.data)
    .data                                    0x20000088   Section        8  bh1750.o(.data)
    .data                                    0x20000090   Section        1  key.o(.data)
    key_up                                   0x20000090   Data           1  key.o(.data)
    .data                                    0x20000092   Section        4  delay.o(.data)
    fac_us                                   0x20000092   Data           1  delay.o(.data)
    fac_ms                                   0x20000094   Data           2  delay.o(.data)
    .data                                    0x20000096   Section       20  stm32f10x_rcc.o(.data)
    APBAHBPrescTable                         0x20000096   Data          16  stm32f10x_rcc.o(.data)
    ADCPrescTable                            0x200000a6   Data           4  stm32f10x_rcc.o(.data)
    .bss                                     0x200000ac   Section     1024  oled.o(.bss)
    .bss                                     0x200004ac   Section       20  emm42_usart.o(.bss)
    .bss                                     0x200004c0   Section       10  emm42_me.o(.bss)
    .bss                                     0x200004cc   Section       96  libspace.o(.bss)
    HEAP                                     0x20000530   Section      512  startup_stm32f10x_md.o(HEAP)
    Heap_Mem                                 0x20000530   Data         512  startup_stm32f10x_md.o(HEAP)
    STACK                                    0x20000730   Section     1024  startup_stm32f10x_md.o(STACK)
    Stack_Mem                                0x20000730   Data        1024  startup_stm32f10x_md.o(STACK)
    __initial_sp                             0x20000b30   Data           0  startup_stm32f10x_md.o(STACK)

    Global Symbols

    Symbol Name                              Value     Ov Type        Size  Object(Section)

    BuildAttributes$$THM_ISAv4$P$D$K$B$S$PE$A:L22UL41UL21$X:L11$S22US41US21$IEEE1$IW$USESV6$~STKCKD$USESV7$~SHL$OTIME$ROPI$IEEEX$EBA8$UX$STANDARDLIB$REQ8$PRES8$EABIv2 0x00000000   Number         0  anon$$obj.o ABSOLUTE
    __ARM_use_no_argv                        0x00000000   Number         0  main.o ABSOLUTE
    _printf_flags                            0x00000000   Number         0  printf_stubs.o ABSOLUTE
    _printf_return_value                     0x00000000   Number         0  printf_stubs.o ABSOLUTE
    _printf_sizespec                         0x00000000   Number         0  printf_stubs.o ABSOLUTE
    _printf_widthprec                        0x00000000   Number         0  printf_stubs.o ABSOLUTE
    __ARM_exceptions_init                     - Undefined Weak Reference
    __alloca_initialize                       - Undefined Weak Reference
    __arm_preinit_                            - Undefined Weak Reference
    __cpp_initialize__aeabi_                  - Undefined Weak Reference
    __cxa_finalize                            - Undefined Weak Reference
    __rt_locale                               - Undefined Weak Reference
    __sigvec_lookup                           - Undefined Weak Reference
    _atexit_init                              - Undefined Weak Reference
    _call_atexit_fns                          - Undefined Weak Reference
    _clock_init                               - Undefined Weak Reference
    _fp_trap_init                             - Undefined Weak Reference
    _fp_trap_shutdown                         - Undefined Weak Reference
    _get_lc_collate                           - Undefined Weak Reference
    _get_lc_ctype                             - Undefined Weak Reference
    _get_lc_monetary                          - Undefined Weak Reference
    _get_lc_numeric                           - Undefined Weak Reference
    _get_lc_time                              - Undefined Weak Reference
    _getenv_init                              - Undefined Weak Reference
    _handle_redirection                       - Undefined Weak Reference
    _init_alloc                               - Undefined Weak Reference
    _init_user_alloc                          - Undefined Weak Reference
    _initio                                   - Undefined Weak Reference
    _mutex_acquire                            - Undefined Weak Reference
    _mutex_release                            - Undefined Weak Reference
    _printf_truncate_signed                   - Undefined Weak Reference
    _printf_truncate_unsigned                 - Undefined Weak Reference
    _rand_init                                - Undefined Weak Reference
    _signal_finish                            - Undefined Weak Reference
    _signal_init                              - Undefined Weak Reference
    _terminate_alloc                          - Undefined Weak Reference
    _terminate_user_alloc                     - Undefined Weak Reference
    _terminateio                              - Undefined Weak Reference
    __Vectors_Size                           0x000000ec   Number         0  startup_stm32f10x_md.o ABSOLUTE
    __Vectors                                0x08000000   Data           4  startup_stm32f10x_md.o(RESET)
    __Vectors_End                            0x080000ec   Data           0  startup_stm32f10x_md.o(RESET)
    __main                                   0x080000ed   Thumb Code     8  __main.o(!!!main)
    __scatterload                            0x080000f5   Thumb Code     0  __scatter.o(!!!scatter)
    __scatterload_rt2                        0x080000f5   Thumb Code    44  __scatter.o(!!!scatter)
    __scatterload_rt2_thumb_only             0x080000f5   Thumb Code     0  __scatter.o(!!!scatter)
    __scatterload_null                       0x08000103   Thumb Code     0  __scatter.o(!!!scatter)
    __scatterload_copy                       0x08000129   Thumb Code    26  __scatter_copy.o(!!handler_copy)
    __scatterload_zeroinit                   0x08000145   Thumb Code    28  __scatter_zi.o(!!handler_zi)
    __rt_lib_init                            0x08000161   Thumb Code     0  libinit.o(.ARM.Collect$$libinit$$00000000)
    __rt_lib_init_alloca_1                   0x08000163   Thumb Code     0  libinit2.o(.ARM.Collect$$libinit$$0000002E)
    __rt_lib_init_argv_1                     0x08000163   Thumb Code     0  libinit2.o(.ARM.Collect$$libinit$$0000002C)
    __rt_lib_init_atexit_1                   0x08000163   Thumb Code     0  libinit2.o(.ARM.Collect$$libinit$$0000001B)
    __rt_lib_init_clock_1                    0x08000163   Thumb Code     0  libinit2.o(.ARM.Collect$$libinit$$00000021)
    __rt_lib_init_cpp_1                      0x08000163   Thumb Code     0  libinit2.o(.ARM.Collect$$libinit$$00000032)
    __rt_lib_init_exceptions_1               0x08000163   Thumb Code     0  libinit2.o(.ARM.Collect$$libinit$$00000030)
    __rt_lib_init_fp_1                       0x08000163   Thumb Code     0  libinit2.o(.ARM.Collect$$libinit$$00000002)
    __rt_lib_init_fp_trap_1                  0x08000163   Thumb Code     0  libinit2.o(.ARM.Collect$$libinit$$0000001F)
    __rt_lib_init_getenv_1                   0x08000163   Thumb Code     0  libinit2.o(.ARM.Collect$$libinit$$00000023)
    __rt_lib_init_heap_1                     0x08000163   Thumb Code     0  libinit2.o(.ARM.Collect$$libinit$$0000000A)
    __rt_lib_init_lc_collate_1               0x08000163   Thumb Code     0  libinit2.o(.ARM.Collect$$libinit$$00000011)
    __rt_lib_init_lc_ctype_1                 0x08000163   Thumb Code     0  libinit2.o(.ARM.Collect$$libinit$$00000013)
    __rt_lib_init_lc_monetary_1              0x08000163   Thumb Code     0  libinit2.o(.ARM.Collect$$libinit$$00000015)
    __rt_lib_init_lc_numeric_1               0x08000163   Thumb Code     0  libinit2.o(.ARM.Collect$$libinit$$00000017)
    __rt_lib_init_lc_time_1                  0x08000163   Thumb Code     0  libinit2.o(.ARM.Collect$$libinit$$00000019)
    __rt_lib_init_preinit_1                  0x08000163   Thumb Code     0  libinit2.o(.ARM.Collect$$libinit$$00000004)
    __rt_lib_init_rand_1                     0x08000163   Thumb Code     0  libinit2.o(.ARM.Collect$$libinit$$0000000E)
    __rt_lib_init_return                     0x08000163   Thumb Code     0  libinit2.o(.ARM.Collect$$libinit$$00000033)
    __rt_lib_init_signal_1                   0x08000163   Thumb Code     0  libinit2.o(.ARM.Collect$$libinit$$0000001D)
    __rt_lib_init_stdio_1                    0x08000163   Thumb Code     0  libinit2.o(.ARM.Collect$$libinit$$00000025)
    __rt_lib_init_user_alloc_1               0x08000163   Thumb Code     0  libinit2.o(.ARM.Collect$$libinit$$0000000C)
    __rt_lib_shutdown                        0x08000165   Thumb Code     0  libshutdown.o(.ARM.Collect$$libshutdown$$00000000)
    __rt_lib_shutdown_cpp_1                  0x08000167   Thumb Code     0  libshutdown2.o(.ARM.Collect$$libshutdown$$00000002)
    __rt_lib_shutdown_fp_trap_1              0x08000167   Thumb Code     0  libshutdown2.o(.ARM.Collect$$libshutdown$$00000007)
    __rt_lib_shutdown_heap_1                 0x08000167   Thumb Code     0  libshutdown2.o(.ARM.Collect$$libshutdown$$0000000F)
    __rt_lib_shutdown_return                 0x08000167   Thumb Code     0  libshutdown2.o(.ARM.Collect$$libshutdown$$00000010)
    __rt_lib_shutdown_signal_1               0x08000167   Thumb Code     0  libshutdown2.o(.ARM.Collect$$libshutdown$$0000000A)
    __rt_lib_shutdown_stdio_1                0x08000167   Thumb Code     0  libshutdown2.o(.ARM.Collect$$libshutdown$$00000004)
    __rt_lib_shutdown_user_alloc_1           0x08000167   Thumb Code     0  libshutdown2.o(.ARM.Collect$$libshutdown$$0000000C)
    __rt_entry                               0x08000169   Thumb Code     0  __rtentry.o(.ARM.Collect$$rtentry$$00000000)
    __rt_entry_presh_1                       0x08000169   Thumb Code     0  __rtentry2.o(.ARM.Collect$$rtentry$$00000002)
    __rt_entry_sh                            0x08000169   Thumb Code     0  __rtentry4.o(.ARM.Collect$$rtentry$$00000004)
    __rt_entry_li                            0x0800016f   Thumb Code     0  __rtentry2.o(.ARM.Collect$$rtentry$$0000000A)
    __rt_entry_postsh_1                      0x0800016f   Thumb Code     0  __rtentry2.o(.ARM.Collect$$rtentry$$00000009)
    __rt_entry_main                          0x08000173   Thumb Code     0  __rtentry2.o(.ARM.Collect$$rtentry$$0000000D)
    __rt_entry_postli_1                      0x08000173   Thumb Code     0  __rtentry2.o(.ARM.Collect$$rtentry$$0000000C)
    __rt_exit                                0x0800017b   Thumb Code     0  rtexit.o(.ARM.Collect$$rtexit$$00000000)
    __rt_exit_ls                             0x0800017d   Thumb Code     0  rtexit2.o(.ARM.Collect$$rtexit$$00000003)
    __rt_exit_prels_1                        0x0800017d   Thumb Code     0  rtexit2.o(.ARM.Collect$$rtexit$$00000002)
    __rt_exit_exit                           0x08000181   Thumb Code     0  rtexit2.o(.ARM.Collect$$rtexit$$00000004)
    Reset_Handler                            0x08000189   Thumb Code     8  startup_stm32f10x_md.o(.text)
    ADC1_2_IRQHandler                        0x080001a3   Thumb Code     0  startup_stm32f10x_md.o(.text)
    CAN1_RX1_IRQHandler                      0x080001a3   Thumb Code     0  startup_stm32f10x_md.o(.text)
    CAN1_SCE_IRQHandler                      0x080001a3   Thumb Code     0  startup_stm32f10x_md.o(.text)
    DMA1_Channel1_IRQHandler                 0x080001a3   Thumb Code     0  startup_stm32f10x_md.o(.text)
    DMA1_Channel2_IRQHandler                 0x080001a3   Thumb Code     0  startup_stm32f10x_md.o(.text)
    DMA1_Channel3_IRQHandler                 0x080001a3   Thumb Code     0  startup_stm32f10x_md.o(.text)
    DMA1_Channel4_IRQHandler                 0x080001a3   Thumb Code     0  startup_stm32f10x_md.o(.text)
    DMA1_Channel5_IRQHandler                 0x080001a3   Thumb Code     0  startup_stm32f10x_md.o(.text)
    DMA1_Channel6_IRQHandler                 0x080001a3   Thumb Code     0  startup_stm32f10x_md.o(.text)
    DMA1_Channel7_IRQHandler                 0x080001a3   Thumb Code     0  startup_stm32f10x_md.o(.text)
    EXTI0_IRQHandler                         0x080001a3   Thumb Code     0  startup_stm32f10x_md.o(.text)
    EXTI15_10_IRQHandler                     0x080001a3   Thumb Code     0  startup_stm32f10x_md.o(.text)
    EXTI1_IRQHandler                         0x080001a3   Thumb Code     0  startup_stm32f10x_md.o(.text)
    EXTI2_IRQHandler                         0x080001a3   Thumb Code     0  startup_stm32f10x_md.o(.text)
    EXTI3_IRQHandler                         0x080001a3   Thumb Code     0  startup_stm32f10x_md.o(.text)
    EXTI4_IRQHandler                         0x080001a3   Thumb Code     0  startup_stm32f10x_md.o(.text)
    EXTI9_5_IRQHandler                       0x080001a3   Thumb Code     0  startup_stm32f10x_md.o(.text)
    FLASH_IRQHandler                         0x080001a3   Thumb Code     0  startup_stm32f10x_md.o(.text)
    I2C1_ER_IRQHandler                       0x080001a3   Thumb Code     0  startup_stm32f10x_md.o(.text)
    I2C1_EV_IRQHandler                       0x080001a3   Thumb Code     0  startup_stm32f10x_md.o(.text)
    I2C2_ER_IRQHandler                       0x080001a3   Thumb Code     0  startup_stm32f10x_md.o(.text)
    I2C2_EV_IRQHandler                       0x080001a3   Thumb Code     0  startup_stm32f10x_md.o(.text)
    PVD_IRQHandler                           0x080001a3   Thumb Code     0  startup_stm32f10x_md.o(.text)
    RCC_IRQHandler                           0x080001a3   Thumb Code     0  startup_stm32f10x_md.o(.text)
    RTCAlarm_IRQHandler                      0x080001a3   Thumb Code     0  startup_stm32f10x_md.o(.text)
    RTC_IRQHandler                           0x080001a3   Thumb Code     0  startup_stm32f10x_md.o(.text)
    SPI1_IRQHandler                          0x080001a3   Thumb Code     0  startup_stm32f10x_md.o(.text)
    SPI2_IRQHandler                          0x080001a3   Thumb Code     0  startup_stm32f10x_md.o(.text)
    TAMPER_IRQHandler                        0x080001a3   Thumb Code     0  startup_stm32f10x_md.o(.text)
    TIM1_BRK_IRQHandler                      0x080001a3   Thumb Code     0  startup_stm32f10x_md.o(.text)
    TIM1_CC_IRQHandler                       0x080001a3   Thumb Code     0  startup_stm32f10x_md.o(.text)
    TIM1_TRG_COM_IRQHandler                  0x080001a3   Thumb Code     0  startup_stm32f10x_md.o(.text)
    TIM1_UP_IRQHandler                       0x080001a3   Thumb Code     0  startup_stm32f10x_md.o(.text)
    TIM4_IRQHandler                          0x080001a3   Thumb Code     0  startup_stm32f10x_md.o(.text)
    USART2_IRQHandler                        0x080001a3   Thumb Code     0  startup_stm32f10x_md.o(.text)
    USART3_IRQHandler                        0x080001a3   Thumb Code     0  startup_stm32f10x_md.o(.text)
    USBWakeUp_IRQHandler                     0x080001a3   Thumb Code     0  startup_stm32f10x_md.o(.text)
    USB_HP_CAN1_TX_IRQHandler                0x080001a3   Thumb Code     0  startup_stm32f10x_md.o(.text)
    USB_LP_CAN1_RX0_IRQHandler               0x080001a3   Thumb Code     0  startup_stm32f10x_md.o(.text)
    WWDG_IRQHandler                          0x080001a3   Thumb Code     0  startup_stm32f10x_md.o(.text)
    __user_initial_stackheap                 0x080001a5   Thumb Code     0  startup_stm32f10x_md.o(.text)
    __use_no_semihosting                     0x080001c9   Thumb Code     2  use_no_semi_2.o(.text)
    __aeabi_ldivmod                          0x080001cb   Thumb Code     0  llsdiv.o(.text)
    _ll_sdiv                                 0x080001cb   Thumb Code    72  llsdiv.o(.text)
    __use_two_region_memory                  0x08000213   Thumb Code     2  heapauxi.o(.text)
    __rt_heap_escrow$2region                 0x08000215   Thumb Code     2  heapauxi.o(.text)
    __rt_heap_expand$2region                 0x08000217   Thumb Code     2  heapauxi.o(.text)
    __I$use$semihosting                      0x08000219   Thumb Code     0  use_no_semi.o(.text)
    __use_no_semihosting_swi                 0x08000219   Thumb Code     2  use_no_semi.o(.text)
    __aeabi_uldivmod                         0x0800021b   Thumb Code     0  lludivv7m.o(.text)
    _ll_udiv                                 0x0800021b   Thumb Code   238  lludivv7m.o(.text)
    __user_libspace                          0x08000309   Thumb Code     8  libspace.o(.text)
    __user_perproc_libspace                  0x08000309   Thumb Code     0  libspace.o(.text)
    __user_perthread_libspace                0x08000309   Thumb Code     0  libspace.o(.text)
    __user_setup_stackheap                   0x08000311   Thumb Code    74  sys_stackheap_outer.o(.text)
    exit                                     0x0800035b   Thumb Code    18  exit.o(.text)
    BusFault_Handler                         0x0800036d   Thumb Code     4  stm32f10x_it.o(i.BusFault_Handler)
    DebugMon_Handler                         0x08000371   Thumb Code     2  stm32f10x_it.o(i.DebugMon_Handler)
    Emm42_MotorAngle                         0x08000375   Thumb Code   162  emm42_me.o(i.Emm42_MotorAngle)
    Emm42_MotorError                         0x08000431   Thumb Code   152  emm42_me.o(i.Emm42_MotorError)
    Emm42_Pulse_count                        0x080004e5   Thumb Code   122  emm42_me.o(i.Emm42_Pulse_count)
    Emm42_board_init                         0x08000575   Thumb Code    16  emm42_board.o(i.Emm42_board_init)
    Emm42_clock_init                         0x08000585   Thumb Code    28  emm42_board.o(i.Emm42_clock_init)
    Emm42_delay_ms                           0x080005a5   Thumb Code    84  emm42_delay.o(i.Emm42_delay_ms)
    Emm42_nvic_init                          0x080005fd   Thumb Code    40  emm42_board.o(i.Emm42_nvic_init)
    Emm42_usart_init                         0x08000625   Thumb Code   128  emm42_board.o(i.Emm42_usart_init)
    GPIO_Init                                0x080006ad   Thumb Code   278  stm32f10x_gpio.o(i.GPIO_Init)
    GPIO_PinRemapConfig                      0x080007c5   Thumb Code   138  stm32f10x_gpio.o(i.GPIO_PinRemapConfig)
    GPIO_ReadInputDataBit                    0x08000855   Thumb Code    18  stm32f10x_gpio.o(i.GPIO_ReadInputDataBit)
    GPIO_ResetBits                           0x08000867   Thumb Code     4  stm32f10x_gpio.o(i.GPIO_ResetBits)
    GPIO_SetBits                             0x0800086b   Thumb Code     4  stm32f10x_gpio.o(i.GPIO_SetBits)
    HardFault_Handler                        0x0800086f   Thumb Code     4  stm32f10x_it.o(i.HardFault_Handler)
    I2C_Start                                0x08000875   Thumb Code    44  oled.o(i.I2C_Start)
    I2C_Stop                                 0x080008a5   Thumb Code    34  oled.o(i.I2C_Stop)
    I2C_WaitAck                              0x080008cd   Thumb Code    24  oled.o(i.I2C_WaitAck)
    KEY_Scan                                 0x080008e9   Thumb Code   258  key.o(i.KEY_Scan)
    Key_Init                                 0x080009fd   Thumb Code    40  key.o(i.Key_Init)
    LED_Init                                 0x08000a29   Thumb Code    50  led.o(i.LED_Init)
    MemManage_Handler                        0x08000a61   Thumb Code     4  stm32f10x_it.o(i.MemManage_Handler)
    Motor_control                            0x08000a65   Thumb Code   406  main.o(i.Motor_control)
    Motor_speed_control                      0x08000c19   Thumb Code   112  emm42_me.o(i.Motor_speed_control)
    NMI_Handler                              0x08000c99   Thumb Code     2  stm32f10x_it.o(i.NMI_Handler)
    NVIC_Init                                0x08000c9d   Thumb Code   100  misc.o(i.NVIC_Init)
    NVIC_PriorityGroupConfig                 0x08000d0d   Thumb Code    10  misc.o(i.NVIC_PriorityGroupConfig)
    OLED_Clear                               0x08000d21   Thumb Code    42  oled.o(i.OLED_Clear)
    OLED_DrawPoint                           0x08000d51   Thumb Code   100  oled.o(i.OLED_DrawPoint)
    OLED_Init                                0x08000db9   Thumb Code   254  oled.o(i.OLED_Init)
    OLED_Pow                                 0x08000ebd   Thumb Code    22  oled.o(i.OLED_Pow)
    OLED_Refresh_Gram                        0x08000ed5   Thumb Code    70  oled.o(i.OLED_Refresh_Gram)
    OLED_ShowChar                            0x08000f21   Thumb Code   254  oled.o(i.OLED_ShowChar)
    OLED_ShowNum                             0x0800102d   Thumb Code   148  oled.o(i.OLED_ShowNum)
    OLED_ShowString                          0x080010c1   Thumb Code    94  oled.o(i.OLED_ShowString)
    OLED_WR_Byte                             0x0800111f   Thumb Code    56  oled.o(i.OLED_WR_Byte)
    PendSV_Handler                           0x08001157   Thumb Code     2  stm32f10x_it.o(i.PendSV_Handler)
    RCC_APB1PeriphClockCmd                   0x08001159   Thumb Code    26  stm32f10x_rcc.o(i.RCC_APB1PeriphClockCmd)
    RCC_APB2PeriphClockCmd                   0x08001179   Thumb Code    26  stm32f10x_rcc.o(i.RCC_APB2PeriphClockCmd)
    RCC_GetClocksFreq                        0x08001199   Thumb Code   192  stm32f10x_rcc.o(i.RCC_GetClocksFreq)
    SVC_Handler                              0x0800126d   Thumb Code     2  stm32f10x_it.o(i.SVC_Handler)
    Send_Byte                                0x08001271   Thumb Code    80  oled.o(i.Send_Byte)
    Servo_Control                            0x080012c5   Thumb Code   156  main.o(i.Servo_Control)
    SysTick_CLKSourceConfig                  0x0800145d   Thumb Code    40  misc.o(i.SysTick_CLKSourceConfig)
    SysTick_Handler                          0x08001485   Thumb Code     2  stm32f10x_it.o(i.SysTick_Handler)
    SystemInit                               0x08001489   Thumb Code    78  system_stm32f10x.o(i.SystemInit)
    TIM2_IRQHandler                          0x080014e9   Thumb Code    64  time.o(i.TIM2_IRQHandler)
    TIM2_Int_Init                            0x08001539   Thumb Code    96  time.o(i.TIM2_Int_Init)
    TIM3_IRQHandler                          0x08001599   Thumb Code    48  time.o(i.TIM3_IRQHandler)
    TIM3_Int_Init                            0x080015d5   Thumb Code    86  time.o(i.TIM3_Int_Init)
    TIM4_PWM_Init                            0x08001631   Thumb Code   190  pwm.o(i.TIM4_PWM_Init)
    TIM_ARRPreloadConfig                     0x080016f9   Thumb Code    24  stm32f10x_tim.o(i.TIM_ARRPreloadConfig)
    TIM_ClearITPendingBit                    0x08001711   Thumb Code     6  stm32f10x_tim.o(i.TIM_ClearITPendingBit)
    TIM_Cmd                                  0x08001717   Thumb Code    24  stm32f10x_tim.o(i.TIM_Cmd)
    TIM_GetITStatus                          0x0800172f   Thumb Code    34  stm32f10x_tim.o(i.TIM_GetITStatus)
    TIM_ITConfig                             0x08001751   Thumb Code    18  stm32f10x_tim.o(i.TIM_ITConfig)
    TIM_OC1Init                              0x08001765   Thumb Code   132  stm32f10x_tim.o(i.TIM_OC1Init)
    TIM_OC1PreloadConfig                     0x080017fd   Thumb Code    18  stm32f10x_tim.o(i.TIM_OC1PreloadConfig)
    TIM_OC2Init                              0x08001811   Thumb Code   154  stm32f10x_tim.o(i.TIM_OC2Init)
    TIM_OC2PreloadConfig                     0x080018b5   Thumb Code    26  stm32f10x_tim.o(i.TIM_OC2PreloadConfig)
    TIM_OC3Init                              0x080018d1   Thumb Code   150  stm32f10x_tim.o(i.TIM_OC3Init)
    TIM_OC3PreloadConfig                     0x08001971   Thumb Code    18  stm32f10x_tim.o(i.TIM_OC3PreloadConfig)
    TIM_OC4Init                              0x08001985   Thumb Code   114  stm32f10x_tim.o(i.TIM_OC4Init)
    TIM_OC4PreloadConfig                     0x08001a01   Thumb Code    26  stm32f10x_tim.o(i.TIM_OC4PreloadConfig)
    TIM_SetCompare1                          0x08001a1b   Thumb Code     4  stm32f10x_tim.o(i.TIM_SetCompare1)
    TIM_TimeBaseInit                         0x08001a21   Thumb Code   122  stm32f10x_tim.o(i.TIM_TimeBaseInit)
    USART1_IRQHandler                        0x08001ac5   Thumb Code    96  emm42_usart.o(i.USART1_IRQHandler)
    USART_ClearITPendingBit                  0x08001b35   Thumb Code    30  stm32f10x_usart.o(i.USART_ClearITPendingBit)
    USART_Cmd                                0x08001b53   Thumb Code    24  stm32f10x_usart.o(i.USART_Cmd)
    USART_GetITStatus                        0x08001b6b   Thumb Code    84  stm32f10x_usart.o(i.USART_GetITStatus)
    USART_ITConfig                           0x08001bbf   Thumb Code    74  stm32f10x_usart.o(i.USART_ITConfig)
    USART_Init                               0x08001c09   Thumb Code   210  stm32f10x_usart.o(i.USART_Init)
    UsageFault_Handler                       0x08001ce1   Thumb Code     4  stm32f10x_it.o(i.UsageFault_Handler)
    _sys_exit                                0x08001ce5   Thumb Code     4  usart.o(i._sys_exit)
    bh1750_get_data                          0x08001ce9   Thumb Code    82  bh1750.o(i.bh1750_get_data)
    bh1750_init                              0x08001d45   Thumb Code     8  bh1750.o(i.bh1750_init)
    bh1750_read_nbyte                        0x08001d4d   Thumb Code    66  bh1750.o(i.bh1750_read_nbyte)
    bh1750_send_byte                         0x08001d8f   Thumb Code    32  bh1750.o(i.bh1750_send_byte)
    delay_init                               0x08001db1   Thumb Code    50  delay.o(i.delay_init)
    delay_ms                                 0x08001df5   Thumb Code    72  delay.o(i.delay_ms)
    delay_us                                 0x08001e41   Thumb Code    72  delay.o(i.delay_us)
    iic_init                                 0x08001e8d   Thumb Code    50  iic.o(i.iic_init)
    iic_read_byte                            0x08001ec5   Thumb Code   176  iic.o(i.iic_read_byte)
    iic_start                                0x08001f79   Thumb Code    60  iic.o(i.iic_start)
    iic_stop                                 0x08001fb9   Thumb Code    50  iic.o(i.iic_stop)
    iic_write_byte                           0x08001ff1   Thumb Code   172  iic.o(i.iic_write_byte)
    main                                     0x080020a1   Thumb Code   470  main.o(i.main)
    sda_in                                   0x080022c9   Thumb Code    42  iic.o(i.sda_in)
    sda_out                                  0x080022f9   Thumb Code    42  iic.o(i.sda_out)
    uart_init                                0x08002329   Thumb Code   152  usart.o(i.uart_init)
    usartSend                                0x080023c9   Thumb Code    44  emm42_usart.o(i.usartSend)
    __aeabi_d2f                              0x080023f9   Thumb Code     0  d2f.o(x$fpl$d2f)
    _d2f                                     0x080023f9   Thumb Code    98  d2f.o(x$fpl$d2f)
    __aeabi_ddiv                             0x0800245d   Thumb Code     0  ddiv.o(x$fpl$ddiv)
    _ddiv                                    0x0800245d   Thumb Code   552  ddiv.o(x$fpl$ddiv)
    __aeabi_ui2d                             0x0800270d   Thumb Code     0  dflt_clz.o(x$fpl$dfltu)
    _dfltu                                   0x0800270d   Thumb Code    38  dflt_clz.o(x$fpl$dfltu)
    __fpl_dnaninf                            0x08002733   Thumb Code   156  dnaninf.o(x$fpl$dnaninf)
    __fpl_dretinf                            0x080027cf   Thumb Code    12  dretinf.o(x$fpl$dretinf)
    __fpl_fcmp_Inf                           0x080027db   Thumb Code    24  fcmpi.o(x$fpl$fcmpinf)
    __aeabi_fdiv                             0x080027f5   Thumb Code     0  fdiv.o(x$fpl$fdiv)
    _fdiv                                    0x080027f5   Thumb Code   384  fdiv.o(x$fpl$fdiv)
    __aeabi_f2iz                             0x08002979   Thumb Code     0  ffix.o(x$fpl$ffix)
    _ffix                                    0x08002979   Thumb Code    54  ffix.o(x$fpl$ffix)
    __aeabi_f2uiz                            0x080029b1   Thumb Code     0  ffixu.o(x$fpl$ffixu)
    _ffixu                                   0x080029b1   Thumb Code    62  ffixu.o(x$fpl$ffixu)
    __aeabi_i2f                              0x080029f1   Thumb Code     0  fflt_clz.o(x$fpl$fflt)
    _fflt                                    0x080029f1   Thumb Code    48  fflt_clz.o(x$fpl$fflt)
    __aeabi_ul2f                             0x08002a21   Thumb Code     0  ffltll_clz.o(x$fpl$ffltll)
    _ll_uto_f                                0x08002a21   Thumb Code     6  ffltll_clz.o(x$fpl$ffltll)
    __aeabi_l2f                              0x08002a27   Thumb Code     0  ffltll_clz.o(x$fpl$ffltll)
    _ll_sto_f                                0x08002a27   Thumb Code    90  ffltll_clz.o(x$fpl$ffltll)
    __aeabi_cfcmple                          0x08002a81   Thumb Code     0  fleqf.o(x$fpl$fleqf)
    _fcmple                                  0x08002a81   Thumb Code   104  fleqf.o(x$fpl$fleqf)
    __fpl_fcmple_InfNaN                      0x08002ad3   Thumb Code     0  fleqf.o(x$fpl$fleqf)
    __aeabi_fmul                             0x08002ae9   Thumb Code     0  fmul.o(x$fpl$fmul)
    _fmul                                    0x08002ae9   Thumb Code   258  fmul.o(x$fpl$fmul)
    __fpl_fnaninf                            0x08002beb   Thumb Code   140  fnaninf.o(x$fpl$fnaninf)
    __fpl_fretinf                            0x08002c77   Thumb Code    10  fretinf.o(x$fpl$fretinf)
    __aeabi_cfrcmple                         0x08002c81   Thumb Code     0  frleqf.o(x$fpl$frleqf)
    _frcmple                                 0x08002c81   Thumb Code    98  frleqf.o(x$fpl$frleqf)
    __I$use$fp                               0x08002ce2   Number         0  usenofp.o(x$fpl$usenofp)
    asc2_1206                                0x08002ce2   Data        1140  oled.o(.constdata)
    asc2_1608                                0x08003156   Data        1520  oled.o(.constdata)
    asc2_2412                                0x08003746   Data        3420  oled.o(.constdata)
    Region$$Table$$Base                      0x080044a4   Number         0  anon$$obj.o(Region$$Table)
    Region$$Table$$Limit                     0x080044c4   Number         0  anon$$obj.o(Region$$Table)
    MotorAngle                               0x20000000   Data           4  main.o(.data)
    AngleError                               0x20000004   Data           4  main.o(.data)
    Pulse_num                                0x20000008   Data           4  main.o(.data)
    UP                                       0x2000000c   Data           4  main.o(.data)
    DWN                                      0x20000010   Data           4  main.o(.data)
    LFT                                      0x20000014   Data           4  main.o(.data)
    RHT                                      0x20000018   Data           4  main.o(.data)
    MID                                      0x2000001c   Data           4  main.o(.data)
    SET_A                                    0x20000020   Data           4  main.o(.data)
    RST_B                                    0x20000024   Data           4  main.o(.data)
    light_Set                                0x20000028   Data           4  main.o(.data)
    light_data                               0x2000002c   Data           4  main.o(.data)
    light_max                                0x20000030   Data           4  main.o(.data)
    light_min                                0x20000034   Data           4  main.o(.data)
    Servo_Angle                              0x20000038   Data           4  main.o(.data)
    Motor_num_buff                           0x20000048   Data           4  main.o(.data)
    Motor_pulse_buff                         0x2000004c   Data           4  main.o(.data)
    Motor_angle_buff                         0x20000050   Data           4  main.o(.data)
    Motor_dir_flag                           0x20000054   Data           1  main.o(.data)
    Motor_state                              0x20000055   Data           1  main.o(.data)
    Motor_for                                0x20000056   Data           1  main.o(.data)
    Motor_re                                 0x20000057   Data           1  main.o(.data)
    SystemCoreClock                          0x20000058   Data           4  system_stm32f10x.o(.data)
    AHBPrescTable                            0x2000005c   Data          16  system_stm32f10x.o(.data)
    rxReceiveCount                           0x2000006c   Data           2  emm42_usart.o(.data)
    rxFrameFlag                              0x2000006e   Data           1  emm42_usart.o(.data)
    i                                        0x20000070   Data           2  emm42_me.o(.data)
    Sec                                      0x20000074   Data           4  time.o(.data)
    Sec_buf                                  0x20000078   Data           4  time.o(.data)
    Servo_flag                               0x2000007c   Data           1  time.o(.data)
    Servo_ms                                 0x20000080   Data           4  time.o(.data)
    Flag_1ms                                 0x20000084   Data           1  time.o(.data)
    Flag_10ms                                0x20000085   Data           1  time.o(.data)
    buf                                      0x20000088   Data           2  bh1750.o(.data)
    s                                        0x2000008c   Data           4  bh1750.o(.data)
    OLED_GRAM                                0x200000ac   Data        1024  oled.o(.bss)
    rxBuffer                                 0x200004ac   Data          20  emm42_usart.o(.bss)
    cmd                                      0x200004c0   Data          10  emm42_me.o(.bss)
    __libspace_start                         0x200004cc   Data          96  libspace.o(.bss)
    __temporary_stack_top$libspace           0x2000052c   Data           0  libspace.o(.bss)



==============================================================================

Memory Map of the image

  Image Entry point : 0x080000ed

  Load Region LR_IROM1 (Base: 0x08000000, Size: 0x00004570, Max: 0x00010000, ABSOLUTE)

    Execution Region ER_IROM1 (Exec base: 0x08000000, Load base: 0x08000000, Size: 0x000044c4, Max: 0x00010000, ABSOLUTE)

    Exec Addr    Load Addr    Size         Type   Attr      Idx    E Section Name        Object

    0x08000000   0x08000000   0x000000ec   Data   RO         1599    RESET               startup_stm32f10x_md.o
    0x080000ec   0x080000ec   0x00000008   Code   RO         2922  * !!!main             c_w.l(__main.o)
    0x080000f4   0x080000f4   0x00000034   Code   RO         3249    !!!scatter          c_w.l(__scatter.o)
    0x08000128   0x08000128   0x0000001a   Code   RO         3251    !!handler_copy      c_w.l(__scatter_copy.o)
    0x08000142   0x08000142   0x00000002   PAD
    0x08000144   0x08000144   0x0000001c   Code   RO         3253    !!handler_zi        c_w.l(__scatter_zi.o)
    0x08000160   0x08000160   0x00000002   Code   RO         3116    .ARM.Collect$$libinit$$00000000  c_w.l(libinit.o)
    0x08000162   0x08000162   0x00000000   Code   RO         3128    .ARM.Collect$$libinit$$00000002  c_w.l(libinit2.o)
    0x08000162   0x08000162   0x00000000   Code   RO         3130    .ARM.Collect$$libinit$$00000004  c_w.l(libinit2.o)
    0x08000162   0x08000162   0x00000000   Code   RO         3133    .ARM.Collect$$libinit$$0000000A  c_w.l(libinit2.o)
    0x08000162   0x08000162   0x00000000   Code   RO         3135    .ARM.Collect$$libinit$$0000000C  c_w.l(libinit2.o)
    0x08000162   0x08000162   0x00000000   Code   RO         3137    .ARM.Collect$$libinit$$0000000E  c_w.l(libinit2.o)
    0x08000162   0x08000162   0x00000000   Code   RO         3140    .ARM.Collect$$libinit$$00000011  c_w.l(libinit2.o)
    0x08000162   0x08000162   0x00000000   Code   RO         3142    .ARM.Collect$$libinit$$00000013  c_w.l(libinit2.o)
    0x08000162   0x08000162   0x00000000   Code   RO         3144    .ARM.Collect$$libinit$$00000015  c_w.l(libinit2.o)
    0x08000162   0x08000162   0x00000000   Code   RO         3146    .ARM.Collect$$libinit$$00000017  c_w.l(libinit2.o)
    0x08000162   0x08000162   0x00000000   Code   RO         3148    .ARM.Collect$$libinit$$00000019  c_w.l(libinit2.o)
    0x08000162   0x08000162   0x00000000   Code   RO         3150    .ARM.Collect$$libinit$$0000001B  c_w.l(libinit2.o)
    0x08000162   0x08000162   0x00000000   Code   RO         3152    .ARM.Collect$$libinit$$0000001D  c_w.l(libinit2.o)
    0x08000162   0x08000162   0x00000000   Code   RO         3154    .ARM.Collect$$libinit$$0000001F  c_w.l(libinit2.o)
    0x08000162   0x08000162   0x00000000   Code   RO         3156    .ARM.Collect$$libinit$$00000021  c_w.l(libinit2.o)
    0x08000162   0x08000162   0x00000000   Code   RO         3158    .ARM.Collect$$libinit$$00000023  c_w.l(libinit2.o)
    0x08000162   0x08000162   0x00000000   Code   RO         3160    .ARM.Collect$$libinit$$00000025  c_w.l(libinit2.o)
    0x08000162   0x08000162   0x00000000   Code   RO         3164    .ARM.Collect$$libinit$$0000002C  c_w.l(libinit2.o)
    0x08000162   0x08000162   0x00000000   Code   RO         3166    .ARM.Collect$$libinit$$0000002E  c_w.l(libinit2.o)
    0x08000162   0x08000162   0x00000000   Code   RO         3168    .ARM.Collect$$libinit$$00000030  c_w.l(libinit2.o)
    0x08000162   0x08000162   0x00000000   Code   RO         3170    .ARM.Collect$$libinit$$00000032  c_w.l(libinit2.o)
    0x08000162   0x08000162   0x00000002   Code   RO         3171    .ARM.Collect$$libinit$$00000033  c_w.l(libinit2.o)
    0x08000164   0x08000164   0x00000002   Code   RO         3201    .ARM.Collect$$libshutdown$$00000000  c_w.l(libshutdown.o)
    0x08000166   0x08000166   0x00000000   Code   RO         3215    .ARM.Collect$$libshutdown$$00000002  c_w.l(libshutdown2.o)
    0x08000166   0x08000166   0x00000000   Code   RO         3217    .ARM.Collect$$libshutdown$$00000004  c_w.l(libshutdown2.o)
    0x08000166   0x08000166   0x00000000   Code   RO         3220    .ARM.Collect$$libshutdown$$00000007  c_w.l(libshutdown2.o)
    0x08000166   0x08000166   0x00000000   Code   RO         3223    .ARM.Collect$$libshutdown$$0000000A  c_w.l(libshutdown2.o)
    0x08000166   0x08000166   0x00000000   Code   RO         3225    .ARM.Collect$$libshutdown$$0000000C  c_w.l(libshutdown2.o)
    0x08000166   0x08000166   0x00000000   Code   RO         3228    .ARM.Collect$$libshutdown$$0000000F  c_w.l(libshutdown2.o)
    0x08000166   0x08000166   0x00000002   Code   RO         3229    .ARM.Collect$$libshutdown$$00000010  c_w.l(libshutdown2.o)
    0x08000168   0x08000168   0x00000000   Code   RO         3000    .ARM.Collect$$rtentry$$00000000  c_w.l(__rtentry.o)
    0x08000168   0x08000168   0x00000000   Code   RO         3063    .ARM.Collect$$rtentry$$00000002  c_w.l(__rtentry2.o)
    0x08000168   0x08000168   0x00000006   Code   RO         3075    .ARM.Collect$$rtentry$$00000004  c_w.l(__rtentry4.o)
    0x0800016e   0x0800016e   0x00000000   Code   RO         3065    .ARM.Collect$$rtentry$$00000009  c_w.l(__rtentry2.o)
    0x0800016e   0x0800016e   0x00000004   Code   RO         3066    .ARM.Collect$$rtentry$$0000000A  c_w.l(__rtentry2.o)
    0x08000172   0x08000172   0x00000000   Code   RO         3068    .ARM.Collect$$rtentry$$0000000C  c_w.l(__rtentry2.o)
    0x08000172   0x08000172   0x00000008   Code   RO         3069    .ARM.Collect$$rtentry$$0000000D  c_w.l(__rtentry2.o)
    0x0800017a   0x0800017a   0x00000002   Code   RO         3121    .ARM.Collect$$rtexit$$00000000  c_w.l(rtexit.o)
    0x0800017c   0x0800017c   0x00000000   Code   RO         3175    .ARM.Collect$$rtexit$$00000002  c_w.l(rtexit2.o)
    0x0800017c   0x0800017c   0x00000004   Code   RO         3176    .ARM.Collect$$rtexit$$00000003  c_w.l(rtexit2.o)
    0x08000180   0x08000180   0x00000006   Code   RO         3177    .ARM.Collect$$rtexit$$00000004  c_w.l(rtexit2.o)
    0x08000186   0x08000186   0x00000002   PAD
    0x08000188   0x08000188   0x00000040   Code   RO         1600    .text               startup_stm32f10x_md.o
    0x080001c8   0x080001c8   0x00000002   Code   RO         2858    .text               c_w.l(use_no_semi_2.o)
    0x080001ca   0x080001ca   0x00000048   Code   RO         2860    .text               c_w.l(llsdiv.o)
    0x08000212   0x08000212   0x00000006   Code   RO         2920    .text               c_w.l(heapauxi.o)
    0x08000218   0x08000218   0x00000002   Code   RO         2998    .text               c_w.l(use_no_semi.o)
    0x0800021a   0x0800021a   0x000000ee   Code   RO         3001    .text               c_w.l(lludivv7m.o)
    0x08000308   0x08000308   0x00000008   Code   RO         3100    .text               c_w.l(libspace.o)
    0x08000310   0x08000310   0x0000004a   Code   RO         3103    .text               c_w.l(sys_stackheap_outer.o)
    0x0800035a   0x0800035a   0x00000012   Code   RO         3109    .text               c_w.l(exit.o)
    0x0800036c   0x0800036c   0x00000004   Code   RO          146    i.BusFault_Handler  stm32f10x_it.o
    0x08000370   0x08000370   0x00000002   Code   RO          147    i.DebugMon_Handler  stm32f10x_it.o
    0x08000372   0x08000372   0x00000002   PAD
    0x08000374   0x08000374   0x000000bc   Code   RO         1263    i.Emm42_MotorAngle  emm42_me.o
    0x08000430   0x08000430   0x000000b4   Code   RO         1264    i.Emm42_MotorError  emm42_me.o
    0x080004e4   0x080004e4   0x00000090   Code   RO         1265    i.Emm42_Pulse_count  emm42_me.o
    0x08000574   0x08000574   0x00000010   Code   RO         1196    i.Emm42_board_init  emm42_board.o
    0x08000584   0x08000584   0x00000020   Code   RO         1197    i.Emm42_clock_init  emm42_board.o
    0x080005a4   0x080005a4   0x00000058   Code   RO         1226    i.Emm42_delay_ms    emm42_delay.o
    0x080005fc   0x080005fc   0x00000028   Code   RO         1198    i.Emm42_nvic_init   emm42_board.o
    0x08000624   0x08000624   0x00000088   Code   RO         1199    i.Emm42_usart_init  emm42_board.o
    0x080006ac   0x080006ac   0x00000116   Code   RO         1646    i.GPIO_Init         stm32f10x_gpio.o
    0x080007c2   0x080007c2   0x00000002   PAD
    0x080007c4   0x080007c4   0x00000090   Code   RO         1648    i.GPIO_PinRemapConfig  stm32f10x_gpio.o
    0x08000854   0x08000854   0x00000012   Code   RO         1650    i.GPIO_ReadInputDataBit  stm32f10x_gpio.o
    0x08000866   0x08000866   0x00000004   Code   RO         1653    i.GPIO_ResetBits    stm32f10x_gpio.o
    0x0800086a   0x0800086a   0x00000004   Code   RO         1654    i.GPIO_SetBits      stm32f10x_gpio.o
    0x0800086e   0x0800086e   0x00000004   Code   RO          148    i.HardFault_Handler  stm32f10x_it.o
    0x08000872   0x08000872   0x00000002   PAD
    0x08000874   0x08000874   0x00000030   Code   RO          386    i.I2C_Start         oled.o
    0x080008a4   0x080008a4   0x00000028   Code   RO          387    i.I2C_Stop          oled.o
    0x080008cc   0x080008cc   0x0000001c   Code   RO          388    i.I2C_WaitAck       oled.o
    0x080008e8   0x080008e8   0x00000114   Code   RO         1402    i.KEY_Scan          key.o
    0x080009fc   0x080009fc   0x0000002c   Code   RO         1403    i.Key_Init          key.o
    0x08000a28   0x08000a28   0x00000038   Code   RO          513    i.LED_Init          led.o
    0x08000a60   0x08000a60   0x00000004   Code   RO          149    i.MemManage_Handler  stm32f10x_it.o
    0x08000a64   0x08000a64   0x000001b4   Code   RO            1    i.Motor_control     main.o
    0x08000c18   0x08000c18   0x00000080   Code   RO         1268    i.Motor_speed_control  emm42_me.o
    0x08000c98   0x08000c98   0x00000002   Code   RO          150    i.NMI_Handler       stm32f10x_it.o
    0x08000c9a   0x08000c9a   0x00000002   PAD
    0x08000c9c   0x08000c9c   0x00000070   Code   RO         1604    i.NVIC_Init         misc.o
    0x08000d0c   0x08000d0c   0x00000014   Code   RO         1605    i.NVIC_PriorityGroupConfig  misc.o
    0x08000d20   0x08000d20   0x00000030   Code   RO          389    i.OLED_Clear        oled.o
    0x08000d50   0x08000d50   0x00000068   Code   RO          395    i.OLED_DrawPoint    oled.o
    0x08000db8   0x08000db8   0x00000104   Code   RO          396    i.OLED_Init         oled.o
    0x08000ebc   0x08000ebc   0x00000016   Code   RO          397    i.OLED_Pow          oled.o
    0x08000ed2   0x08000ed2   0x00000002   PAD
    0x08000ed4   0x08000ed4   0x0000004c   Code   RO          398    i.OLED_Refresh_Gram  oled.o
    0x08000f20   0x08000f20   0x0000010c   Code   RO          399    i.OLED_ShowChar     oled.o
    0x0800102c   0x0800102c   0x00000094   Code   RO          400    i.OLED_ShowNum      oled.o
    0x080010c0   0x080010c0   0x0000005e   Code   RO          401    i.OLED_ShowString   oled.o
    0x0800111e   0x0800111e   0x00000038   Code   RO          403    i.OLED_WR_Byte      oled.o
    0x08001156   0x08001156   0x00000002   Code   RO          151    i.PendSV_Handler    stm32f10x_it.o
    0x08001158   0x08001158   0x00000020   Code   RO         1756    i.RCC_APB1PeriphClockCmd  stm32f10x_rcc.o
    0x08001178   0x08001178   0x00000020   Code   RO         1758    i.RCC_APB2PeriphClockCmd  stm32f10x_rcc.o
    0x08001198   0x08001198   0x000000d4   Code   RO         1766    i.RCC_GetClocksFreq  stm32f10x_rcc.o
    0x0800126c   0x0800126c   0x00000002   Code   RO          152    i.SVC_Handler       stm32f10x_it.o
    0x0800126e   0x0800126e   0x00000002   PAD
    0x08001270   0x08001270   0x00000054   Code   RO          404    i.Send_Byte         oled.o
    0x080012c4   0x080012c4   0x000000b0   Code   RO            5    i.Servo_Control     main.o
    0x08001374   0x08001374   0x00000008   Code   RO          226    i.SetSysClock       system_stm32f10x.o
    0x0800137c   0x0800137c   0x000000e0   Code   RO          227    i.SetSysClockTo72   system_stm32f10x.o
    0x0800145c   0x0800145c   0x00000028   Code   RO         1608    i.SysTick_CLKSourceConfig  misc.o
    0x08001484   0x08001484   0x00000002   Code   RO          153    i.SysTick_Handler   stm32f10x_it.o
    0x08001486   0x08001486   0x00000002   PAD
    0x08001488   0x08001488   0x00000060   Code   RO          229    i.SystemInit        system_stm32f10x.o
    0x080014e8   0x080014e8   0x00000050   Code   RO         1327    i.TIM2_IRQHandler   time.o
    0x08001538   0x08001538   0x00000060   Code   RO         1328    i.TIM2_Int_Init     time.o
    0x08001598   0x08001598   0x0000003c   Code   RO         1329    i.TIM3_IRQHandler   time.o
    0x080015d4   0x080015d4   0x0000005c   Code   RO         1330    i.TIM3_Int_Init     time.o
    0x08001630   0x08001630   0x000000c8   Code   RO         1315    i.TIM4_PWM_Init     pwm.o
    0x080016f8   0x080016f8   0x00000018   Code   RO         2138    i.TIM_ARRPreloadConfig  stm32f10x_tim.o
    0x08001710   0x08001710   0x00000006   Code   RO         2145    i.TIM_ClearITPendingBit  stm32f10x_tim.o
    0x08001716   0x08001716   0x00000018   Code   RO         2150    i.TIM_Cmd           stm32f10x_tim.o
    0x0800172e   0x0800172e   0x00000022   Code   RO         2171    i.TIM_GetITStatus   stm32f10x_tim.o
    0x08001750   0x08001750   0x00000012   Code   RO         2175    i.TIM_ITConfig      stm32f10x_tim.o
    0x08001762   0x08001762   0x00000002   PAD
    0x08001764   0x08001764   0x00000098   Code   RO         2179    i.TIM_OC1Init       stm32f10x_tim.o
    0x080017fc   0x080017fc   0x00000012   Code   RO         2182    i.TIM_OC1PreloadConfig  stm32f10x_tim.o
    0x0800180e   0x0800180e   0x00000002   PAD
    0x08001810   0x08001810   0x000000a4   Code   RO         2184    i.TIM_OC2Init       stm32f10x_tim.o
    0x080018b4   0x080018b4   0x0000001a   Code   RO         2187    i.TIM_OC2PreloadConfig  stm32f10x_tim.o
    0x080018ce   0x080018ce   0x00000002   PAD
    0x080018d0   0x080018d0   0x000000a0   Code   RO         2189    i.TIM_OC3Init       stm32f10x_tim.o
    0x08001970   0x08001970   0x00000012   Code   RO         2192    i.TIM_OC3PreloadConfig  stm32f10x_tim.o
    0x08001982   0x08001982   0x00000002   PAD
    0x08001984   0x08001984   0x0000007c   Code   RO         2194    i.TIM_OC4Init       stm32f10x_tim.o
    0x08001a00   0x08001a00   0x0000001a   Code   RO         2196    i.TIM_OC4PreloadConfig  stm32f10x_tim.o
    0x08001a1a   0x08001a1a   0x00000004   Code   RO         2211    i.TIM_SetCompare1   stm32f10x_tim.o
    0x08001a1e   0x08001a1e   0x00000002   PAD
    0x08001a20   0x08001a20   0x000000a4   Code   RO         2221    i.TIM_TimeBaseInit  stm32f10x_tim.o
    0x08001ac4   0x08001ac4   0x00000070   Code   RO         1238    i.USART1_IRQHandler  emm42_usart.o
    0x08001b34   0x08001b34   0x0000001e   Code   RO         1955    i.USART_ClearITPendingBit  stm32f10x_usart.o
    0x08001b52   0x08001b52   0x00000018   Code   RO         1958    i.USART_Cmd         stm32f10x_usart.o
    0x08001b6a   0x08001b6a   0x00000054   Code   RO         1962    i.USART_GetITStatus  stm32f10x_usart.o
    0x08001bbe   0x08001bbe   0x0000004a   Code   RO         1964    i.USART_ITConfig    stm32f10x_usart.o
    0x08001c08   0x08001c08   0x000000d8   Code   RO         1965    i.USART_Init        stm32f10x_usart.o
    0x08001ce0   0x08001ce0   0x00000004   Code   RO          154    i.UsageFault_Handler  stm32f10x_it.o
    0x08001ce4   0x08001ce4   0x00000004   Code   RO         1552    i._sys_exit         usart.o
    0x08001ce8   0x08001ce8   0x0000005c   Code   RO         1369    i.bh1750_get_data   bh1750.o
    0x08001d44   0x08001d44   0x00000008   Code   RO         1370    i.bh1750_init       bh1750.o
    0x08001d4c   0x08001d4c   0x00000042   Code   RO         1371    i.bh1750_read_nbyte  bh1750.o
    0x08001d8e   0x08001d8e   0x00000020   Code   RO         1372    i.bh1750_send_byte  bh1750.o
    0x08001dae   0x08001dae   0x00000002   PAD
    0x08001db0   0x08001db0   0x00000044   Code   RO         1497    i.delay_init        delay.o
    0x08001df4   0x08001df4   0x0000004c   Code   RO         1498    i.delay_ms          delay.o
    0x08001e40   0x08001e40   0x0000004c   Code   RO         1499    i.delay_us          delay.o
    0x08001e8c   0x08001e8c   0x00000038   Code   RO          271    i.iic_init          iic.o
    0x08001ec4   0x08001ec4   0x000000b4   Code   RO          272    i.iic_read_byte     iic.o
    0x08001f78   0x08001f78   0x00000040   Code   RO          275    i.iic_start         iic.o
    0x08001fb8   0x08001fb8   0x00000038   Code   RO          276    i.iic_stop          iic.o
    0x08001ff0   0x08001ff0   0x000000b0   Code   RO          277    i.iic_write_byte    iic.o
    0x080020a0   0x080020a0   0x00000228   Code   RO            6    i.main              main.o
    0x080022c8   0x080022c8   0x00000030   Code   RO          278    i.sda_in            iic.o
    0x080022f8   0x080022f8   0x00000030   Code   RO          279    i.sda_out           iic.o
    0x08002328   0x08002328   0x000000a0   Code   RO         1554    i.uart_init         usart.o
    0x080023c8   0x080023c8   0x00000030   Code   RO         1239    i.usartSend         emm42_usart.o
    0x080023f8   0x080023f8   0x00000062   Code   RO         2924    x$fpl$d2f           fz_ws.l(d2f.o)
    0x0800245a   0x0800245a   0x00000002   PAD
    0x0800245c   0x0800245c   0x000002b0   Code   RO         2933    x$fpl$ddiv          fz_ws.l(ddiv.o)
    0x0800270c   0x0800270c   0x00000026   Code   RO         2936    x$fpl$dfltu         fz_ws.l(dflt_clz.o)
    0x08002732   0x08002732   0x0000009c   Code   RO         3012    x$fpl$dnaninf       fz_ws.l(dnaninf.o)
    0x080027ce   0x080027ce   0x0000000c   Code   RO         3014    x$fpl$dretinf       fz_ws.l(dretinf.o)
    0x080027da   0x080027da   0x00000018   Code   RO         3016    x$fpl$fcmpinf       fz_ws.l(fcmpi.o)
    0x080027f2   0x080027f2   0x00000002   PAD
    0x080027f4   0x080027f4   0x00000184   Code   RO         2953    x$fpl$fdiv          fz_ws.l(fdiv.o)
    0x08002978   0x08002978   0x00000036   Code   RO         2958    x$fpl$ffix          fz_ws.l(ffix.o)
    0x080029ae   0x080029ae   0x00000002   PAD
    0x080029b0   0x080029b0   0x0000003e   Code   RO         2962    x$fpl$ffixu         fz_ws.l(ffixu.o)
    0x080029ee   0x080029ee   0x00000002   PAD
    0x080029f0   0x080029f0   0x00000030   Code   RO         2967    x$fpl$fflt          fz_ws.l(fflt_clz.o)
    0x08002a20   0x08002a20   0x00000060   Code   RO         2972    x$fpl$ffltll        fz_ws.l(ffltll_clz.o)
    0x08002a80   0x08002a80   0x00000068   Code   RO         2974    x$fpl$fleqf         fz_ws.l(fleqf.o)
    0x08002ae8   0x08002ae8   0x00000102   Code   RO         2976    x$fpl$fmul          fz_ws.l(fmul.o)
    0x08002bea   0x08002bea   0x0000008c   Code   RO         3018    x$fpl$fnaninf       fz_ws.l(fnaninf.o)
    0x08002c76   0x08002c76   0x0000000a   Code   RO         3020    x$fpl$fretinf       fz_ws.l(fretinf.o)
    0x08002c80   0x08002c80   0x00000062   Code   RO         2978    x$fpl$frleqf        fz_ws.l(frleqf.o)
    0x08002ce2   0x08002ce2   0x00000000   Code   RO         3024    x$fpl$usenofp       fz_ws.l(usenofp.o)
    0x08002ce2   0x08002ce2   0x000017c0   Data   RO          406    .constdata          oled.o
    0x080044a2   0x080044a2   0x00000002   PAD
    0x080044a4   0x080044a4   0x00000020   Data   RO         3247    Region$$Table       anon$$obj.o


    Execution Region RW_IRAM1 (Exec base: 0x20000000, Load base: 0x080044c4, Size: 0x00000b30, Max: 0x00005000, ABSOLUTE)

    Exec Addr    Load Addr    Size         Type   Attr      Idx    E Section Name        Object

    0x20000000   0x080044c4   0x00000058   Data   RW            7    .data               main.o
    0x20000058   0x0800451c   0x00000014   Data   RW          230    .data               system_stm32f10x.o
    0x2000006c   0x08004530   0x00000003   Data   RW         1241    .data               emm42_usart.o
    0x2000006f   0x08004533   0x00000001   PAD
    0x20000070   0x08004534   0x00000002   Data   RW         1271    .data               emm42_me.o
    0x20000072   0x08004536   0x00000002   PAD
    0x20000074   0x08004538   0x00000012   Data   RW         1332    .data               time.o
    0x20000086   0x0800454a   0x00000002   PAD
    0x20000088   0x0800454c   0x00000008   Data   RW         1373    .data               bh1750.o
    0x20000090   0x08004554   0x00000001   Data   RW         1404    .data               key.o
    0x20000091   0x08004555   0x00000001   PAD
    0x20000092   0x08004556   0x00000004   Data   RW         1500    .data               delay.o
    0x20000096   0x0800455a   0x00000014   Data   RW         1786    .data               stm32f10x_rcc.o
    0x200000aa   0x0800456e   0x00000002   PAD
    0x200000ac        -       0x00000400   Zero   RW          405    .bss                oled.o
    0x200004ac        -       0x00000014   Zero   RW         1240    .bss                emm42_usart.o
    0x200004c0        -       0x0000000a   Zero   RW         1270    .bss                emm42_me.o
    0x200004ca   0x0800456e   0x00000002   PAD
    0x200004cc        -       0x00000060   Zero   RW         3101    .bss                c_w.l(libspace.o)
    0x2000052c   0x0800456e   0x00000004   PAD
    0x20000530        -       0x00000200   Zero   RW         1598    HEAP                startup_stm32f10x_md.o
    0x20000730        -       0x00000400   Zero   RW         1597    STACK               startup_stm32f10x_md.o


==============================================================================

Image component sizes


      Code (inc. data)   RO Data    RW Data    ZI Data      Debug   Object Name

       198         10          0          8          0       3099   bh1750.o
       220         26          0          4          0       1783   delay.o
       224         12          0          0          0       2231   emm42_board.o
        88          4          0          0          0        585   emm42_delay.o
       640         92          0          2         10       3408   emm42_me.o
       160         20          0          3         20       1826   emm42_usart.o
       628         36          0          0          0       3874   iic.o
       320         22          0          1          0       1262   key.o
        56          6          0          0          0        503   led.o
      1164        140          0         88          0     254672   main.o
       172         22          0          0          0       2113   misc.o
      1276         54       6080          0       1024       9484   oled.o
       200         10          0          0          0        784   pwm.o
        64         26        236          0       1536        816   startup_stm32f10x_md.o
       448          6          0          0          0       4590   stm32f10x_gpio.o
        26          0          0          0          0       3838   stm32f10x_it.o
       276         32          0         20          0       4510   stm32f10x_rcc.o
       962         92          0          0          0      10111   stm32f10x_tim.o
       428          6          0          0          0       5180   stm32f10x_usart.o
         0          0          0          0          0         32   sys.o
       328         28          0         20          0       2157   system_stm32f10x.o
       328         34          0         18          0       2917   time.o
       164          8          0          0          0       1192   usart.o

    ----------------------------------------------------------------------
      8396        686       6350        172       2592     320967   Object Totals
         0          0         32          0          0          0   (incl. Generated)
        26          0          2          8          2          0   (incl. Padding)

    ----------------------------------------------------------------------

      Code (inc. data)   RO Data    RW Data    ZI Data      Debug   Library Member Name

         8          0          0          0          0         68   __main.o
         0          0          0          0          0          0   __rtentry.o
        12          0          0          0          0          0   __rtentry2.o
         6          0          0          0          0          0   __rtentry4.o
        52          8          0          0          0          0   __scatter.o
        26          0          0          0          0          0   __scatter_copy.o
        28          0          0          0          0          0   __scatter_zi.o
        18          0          0          0          0         80   exit.o
         6          0          0          0          0        152   heapauxi.o
         2          0          0          0          0          0   libinit.o
         2          0          0          0          0          0   libinit2.o
         2          0          0          0          0          0   libshutdown.o
         2          0          0          0          0          0   libshutdown2.o
         8          4          0          0         96         68   libspace.o
        72          0          0          0          0         76   llsdiv.o
       238          0          0          0          0        100   lludivv7m.o
         2          0          0          0          0          0   rtexit.o
        10          0          0          0          0          0   rtexit2.o
        74          0          0          0          0         80   sys_stackheap_outer.o
         2          0          0          0          0         68   use_no_semi.o
         2          0          0          0          0         68   use_no_semi_2.o
        98          4          0          0          0         92   d2f.o
       688        140          0          0          0        208   ddiv.o
        38          0          0          0          0         68   dflt_clz.o
       156          4          0          0          0         92   dnaninf.o
        12          0          0          0          0         68   dretinf.o
        24          0          0          0          0         68   fcmpi.o
       388         76          0          0          0         96   fdiv.o
        54          4          0          0          0         84   ffix.o
        62          4          0          0          0         84   ffixu.o
        48          0          0          0          0         68   fflt_clz.o
        96          0          0          0          0         84   ffltll_clz.o
       104          4          0          0          0         84   fleqf.o
       258          4          0          0          0         84   fmul.o
       140          4          0          0          0         84   fnaninf.o
        10          0          0          0          0         68   fretinf.o
        98          0          0          0          0         68   frleqf.o
         0          0          0          0          0          0   usenofp.o

    ----------------------------------------------------------------------
      2858        256          0          0        100       2160   Library Totals
        12          0          0          0          4          0   (incl. Padding)

    ----------------------------------------------------------------------

      Code (inc. data)   RO Data    RW Data    ZI Data      Debug   Library Name

       572         12          0          0         96        760   c_w.l
      2274        244          0          0          0       1400   fz_ws.l

    ----------------------------------------------------------------------
      2858        256          0          0        100       2160   Library Totals

    ----------------------------------------------------------------------

==============================================================================


      Code (inc. data)   RO Data    RW Data    ZI Data      Debug   

     11254        942       6350        172       2692     317403   Grand Totals
     11254        942       6350        172       2692     317403   ELF Image Totals
     11254        942       6350        172          0          0   ROM Totals

==============================================================================

    Total RO  Size (Code + RO Data)                17604 (  17.19kB)
    Total RW  Size (RW Data + ZI Data)              2864 (   2.80kB)
    Total ROM Size (Code + RO Data + RW Data)      17776 (  17.36kB)

==============================================================================

