<html>
<body>
<pre>
<h1>礦ision Build Log</h1>
<h2>Tool Versions:</h2>
IDE-Version: μVision V5.24.2.0
Copyright (C) 2017 ARM Ltd and ARM Germany GmbH. All rights reserved.
License Information: qdjs sqsq, sqs, LIC=YA3AR-K9WBA-8T83P-MYWH8-Z4PUW-WMS2R
 
Tool Versions:
Toolchain:       MDK-ARM Plus  Version: 5.24.1
Toolchain Path:  D:\Keil-5\ARM\ARMCC\Bin
C Compiler:      Armcc.exe V5.06 update 5 (build 528)
Assembler:       Armasm.exe V5.06 update 5 (build 528)
Linker/Locator:  ArmLink.exe V5.06 update 5 (build 528)
Library Manager: ArmAr.exe V5.06 update 5 (build 528)
Hex Converter:   FromElf.exe V5.06 update 5 (build 528)
CPU DLL:         SARMCM3.DLL V5.24.1
Dialog DLL:      DCM.DLL V1.16.0.0
Target DLL:      CMSIS_AGDI.dll V1.28.3.0
Dialog DLL:      TCM.DLL V1.32.0.0
 
<h2>Project:</h2>
C:\Users\DELL\Desktop\接单\3.参考资料\STM32f103c8t6_window_shades_1_7\USER\OLED.uvprojx
Project File Date:  12/31/2022

<h2>Output:</h2>
*** Using Compiler 'V5.06 update 5 (build 528)', folder: 'D:\Keil-5\ARM\ARMCC\Bin'
Rebuild target 'Target 1'
compiling mpu6050.c...
compiling stm32f10x_it.c...
compiling oled.c...
compiling led.c...
compiling iic.c...
compiling system_stm32f10x.c...
compiling mpuiic.c...
compiling main.c...
compiling inv_mpu_dmp_motion_driver.c...
compiling inv_mpu.c...
compiling Emm42_delay.c...
compiling key.c...
compiling Emm42_me.c...
compiling Emm42_board.c...
compiling BH1750.c...
compiling Time.c...
compiling PWM.c...
compiling Emm42_usart.c...
assembling startup_stm32f10x_md.s...
compiling delay.c...
compiling stm32f10x_gpio.c...
compiling usart.c...
compiling stmflash.c...
compiling misc.c...
compiling stm32f10x_flash.c...
compiling stm32f10x_rcc.c...
compiling core_cm3.c...
compiling stm32f10x_usart.c...
compiling stm32f10x_tim.c...
compiling sys.c...
linking...
Program Size: Code=11254 RO-data=6350 RW-data=172 ZI-data=2692  
FromELF: creating hex file...
"..\OBJ\OLED.axf" - 0 Error(s), 0 Warning(s).

<h2>Software Packages used:</h2>

Package Vendor: ARM
                http://www.keil.com/pack/ARM.CMSIS.5.6.0.pack
                ARM.CMSIS.5.6.0
                CMSIS (Cortex Microcontroller Software Interface Standard)
   * Component: CORE Version: 5.3.0

Package Vendor: Keil
                http://www.keil.com/pack/Keil.STM32F1xx_DFP.2.1.0.pack
                Keil.STM32F1xx_DFP.2.1.0
                STMicroelectronics STM32F1 Series Device Support, Drivers and Examples

<h2>Collection of Component include folders:</h2>
  .\RTE\_Target_1
  D:\Keil-5\ARM\PACK\ARM\CMSIS\5.6.0\CMSIS\Core\Include
  D:\Keil-5\ARM\PACK\Keil\STM32F1xx_DFP\2.1.0\Device\Include

<h2>Collection of Component Files used:</h2>

   * Component: ARM::CMSIS:CORE:5.3.0
Build Time Elapsed:  00:00:07
</pre>
</body>
</html>
